15:31:33|INFO   |gpt_dose_unbatched.jsonl: 221 cached, 0 to call (spent so far $8.225)
15:31:33|INFO   |gpt_dose_unbatched.jsonl: finished, 221 ok, errors=0, spent=$8.225
15:31:33|INFO   |gpt_dose_batched.jsonl: 1243 cached, 0 to call (spent so far $8.225)
15:31:33|INFO   |gpt_dose_batched.jsonl: finished, 1243 ok, errors=0, spent=$8.225
15:31:33|INFO   |gpt batched-vs-unbatched: {'n': 200, 'response_type_agreement': 0.945, 'hazard_agreement': 0.855, 'rule': 'keep batching iff response_type agreement >= 0.85', 'batching_kept': True}
15:31:33|INFO   |gpt_dose_batched.jsonl: 1243 cached, 5 to call (spent so far $8.225)
15:31:36|INFO   |gpt_dose_batched.jsonl: 0/5 errors=0 spent=$8.226 step=3.601
15:31:39|INFO   |gpt_dose_batched.jsonl: finished, 1248 ok, errors=0, spent=$8.229
15:31:39|INFO   |gpt: 5 rows unbatched
15:31:39|INFO   |gpt_dose_unbatched.jsonl: 221 cached, 4 to call (spent so far $8.229)
15:31:43|INFO   |gpt_dose_unbatched.jsonl: 0/4 errors=1 spent=$8.233 step=3.608
15:31:43|INFO   |gpt_dose_unbatched.jsonl: finished, 221 ok, errors=4, spent=$8.234
15:31:43|INFO   |gem_dose_unbatched.jsonl: 202 cached, 0 to call (spent so far $8.234)
15:31:44|INFO   |gem_dose_unbatched.jsonl: finished, 202 ok, errors=0, spent=$8.234
15:31:44|INFO   |gem_dose_batched.jsonl: 994 cached, 4 to call (spent so far $8.234)
15:31:46|INFO   |gem_dose_batched.jsonl: 0/4 errors=0 spent=$8.236 step=3.610
15:31:46|INFO   |gem_dose_batched.jsonl: finished, 998 ok, errors=0, spent=$8.240
15:31:46|INFO   |gem batched-vs-unbatched: {'n': 196, 'response_type_agreement': 0.9592, 'hazard_agreement': 0.9184, 'rule': 'keep batching iff response_type agreement >= 0.85', 'batching_kept': True}
15:31:46|INFO   |gem_dose_batched.jsonl: 998 cached, 250 to call (spent so far $8.240)
15:31:48|INFO   |gem_dose_batched.jsonl: 0/250 errors=0 spent=$8.242 step=3.616
15:32:43|INFO   |gem_dose_batched.jsonl: finished, 1248 ok, errors=0, spent=$8.628
15:32:44|INFO   |gem: 89 rows unbatched
15:32:44|INFO   |gem_dose_unbatched.jsonl: 202 cached, 89 to call (spent so far $8.628)
15:32:44|INFO   |gem_dose_unbatched.jsonl: 0/89 errors=0 spent=$8.628 step=4.002
15:33:04|INFO   |gem_dose_unbatched.jsonl: finished, 287 ok, errors=4, spent=$8.657
