15:22:32|INFO   |gpt_dose_unbatched.jsonl: 0 cached, 200 to call (spent so far $2.838)
15:22:33|INFO   |gpt_dose_unbatched.jsonl: 0/200 errors=0 spent=$2.838 step=0.000
15:22:47|INFO   |gpt_dose_unbatched.jsonl: finished, 200 ok, errors=0, spent=$2.895
15:22:47|INFO   |gpt_dose_batched.jsonl: 0 cached, 40 to call (spent so far $2.895)
15:22:50|INFO   |gpt_dose_batched.jsonl: 0/40 errors=0 spent=$2.896 step=0.058
15:22:53|INFO   |gpt_dose_batched.jsonl: finished, 40 ok, errors=0, spent=$2.938
15:22:53|INFO   |gpt batched-vs-unbatched: {'n': 200, 'response_type_agreement': 0.945, 'hazard_agreement': 0.855, 'rule': 'keep batching iff response_type agreement >= 0.85', 'batching_kept': True}
15:22:53|INFO   |gpt_dose_batched.jsonl: 40 cached, 1208 to call (spent so far $2.938)
15:22:56|INFO   |gpt_dose_batched.jsonl: 0/1208 errors=0 spent=$2.939 step=0.102
15:23:48|INFO   |gpt_dose_batched.jsonl: 500/1208 errors=1 spent=$3.497 step=0.659
15:24:41|INFO   |gpt_dose_batched.jsonl: 1000/1208 errors=5 spent=$4.058 step=1.220
15:25:03|INFO   |gpt_dose_batched.jsonl: finished, 1243 ok, errors=5, spent=$4.286
15:25:04|INFO   |gpt: 25 rows unbatched
15:25:04|INFO   |gpt_dose_unbatched.jsonl: 200 cached, 25 to call (spent so far $4.286)
15:25:05|INFO   |gpt_dose_unbatched.jsonl: 0/25 errors=0 spent=$4.286 step=1.449
15:25:09|INFO   |gpt_dose_unbatched.jsonl: finished, 221 ok, errors=4, spent=$4.297
15:25:09|INFO   |gem_dose_unbatched.jsonl: 0 cached, 200 to call (spent so far $4.297)
15:25:10|INFO   |gem_dose_unbatched.jsonl: 0/200 errors=0 spent=$4.298 step=1.460
15:25:17|INFO   |gem_dose_unbatched.jsonl: finished, 200 ok, errors=0, spent=$4.354
15:25:17|INFO   |gem_dose_batched.jsonl: 0 cached, 40 to call (spent so far $4.354)
15:25:19|INFO   |gem_dose_batched.jsonl: 0/40 errors=0 spent=$4.356 step=1.518
15:25:44|INFO   |gem_dose_batched.jsonl: finished, 36 ok, errors=4, spent=$4.435
15:25:44|INFO   |gem batched-vs-unbatched: {'n': 180, 'response_type_agreement': 0.9611, 'hazard_agreement': 0.9278, 'rule': 'keep batching iff response_type agreement >= 0.85', 'batching_kept': True}
15:25:45|INFO   |gem_dose_batched.jsonl: 36 cached, 1208 to call (spent so far $4.435)
15:25:47|INFO   |gem_dose_batched.jsonl: 0/1208 errors=0 spent=$4.436 step=1.599
15:26:31|INFO   |gem_dose_batched.jsonl: 500/1208 errors=32 spent=$5.414 step=2.576
15:27:24|INFO   |gem_dose_batched.jsonl: 1000/1208 errors=67 spent=$6.392 step=3.554
15:27:26|ERROR  |BUDGET: step group B 3.599 + 0.0017 > 3.6
15:27:26|INFO   |gem_dose_batched.jsonl: finished, 994 ok, errors=67, spent=$6.437
15:27:26|INFO   |gem: 1249 rows unbatched
15:27:27|INFO   |gem_dose_unbatched.jsonl: 200 cached, 1249 to call (spent so far $6.437)
15:27:27|INFO   |gem_dose_unbatched.jsonl: 0/1249 errors=0 spent=$6.437 step=3.599
15:27:27|ERROR  |BUDGET: step group B 3.600 + 0.0004 > 3.6
15:27:27|INFO   |gem_dose_unbatched.jsonl: finished, 202 ok, errors=0, spent=$6.437
