15:25:25|INFO   |EN Nemotron dedup: 416 -> 412
15:25:25|INFO   |after near-dup: {('control', 'personal'): 203, ('identity', 'comparison'): 29, ('identity', 'comparison_real'): 1, ('identity', 'creator_company'): 36, ('identity', 'model_family'): 34, ('identity', 'name'): 33, ('identity', 'origin_language'): 34, ('identity', 'who_are_you'): 3, ('identity', 'who_made_you'): 34}
15:25:26|INFO   |identity_mt_fwd.jsonl: 21 cached, 0 to call (spent so far $4.454)
15:25:26|INFO   |identity_mt_fwd.jsonl: finished, 21 ok, errors=0, spent=$4.454
15:25:26|INFO   |identity_mt_bt.jsonl: 21 cached, 0 to call (spent so far $4.454)
15:25:26|INFO   |identity_mt_bt.jsonl: finished, 21 ok, errors=0, spent=$4.454
15:25:26|INFO   |identity_mt_fwd_retry.jsonl: 24 cached, 0 to call (spent so far $4.454)
15:25:26|INFO   |identity_mt_fwd_retry.jsonl: finished, 24 ok, errors=0, spent=$4.454
15:25:26|INFO   |identity_mt_bt_retry.jsonl: 24 cached, 0 to call (spent so far $4.454)
15:25:26|INFO   |identity_mt_bt_retry.jsonl: finished, 24 ok, errors=0, spent=$4.454
15:25:35|INFO   |MT keep 392/407; SL-dedup ok 387
15:25:35|INFO   |{
 "n_candidates_generated": 416,
 "final_counts": {
  "control|identity_confirm_DEV": 40,
  "control|identity_confirm_FINAL": 80,
  "identity|identity_confirm_DEV": 40,
  "identity|identity_confirm_FINAL": 80
 },
 "facet_counts": {
  "name": 20,
  "creator_company": 20,
  "model_family": 20,
  "who_made_you": 20,
  "origin_language": 20,
  "comparison": 20
 },
 "source_counts": {
  "control|llm_generated": 110,
  "control|oasst_real": 10,
  "identity|llm_generated": 113,
  "identity|oasst_real": 7
 },
 "length_matched_share": 0.775,
 "bt_chrf_median": 76.32,
 "bt_chrf_min": 40.31,
 "max_nem_en_overlap": 0.0,
 "max_nem_sl_overlap": 0.0
}
