04:01:37|INFO   |verdict: ESTIMATE - anchor WEAK (kappa_U < 0.6); all D1 clauses pass on the consensus reference; the adjudicators do NOT both pass the primary D1 clauses individually; primary=PPI
04:01:37|INFO   |OUT|gemma_it|dose*     primary      +2.430 [+0.887, +5.380]
04:01:37|INFO   |OUT|gemma_it|dose*     raw_gemini   +2.427 [+2.035, +2.884]
04:01:37|INFO   |OUT|gemma_it|dose*     gem_refused  +2.263 [+1.905, +2.690]
04:01:37|INFO   |OUT|gemma_it|dose*     j1           +1.912 [+1.587, +2.303]
04:01:37|INFO   |OUT|gemma_it|dose*     adj_U        +2.937 [+1.449, +4.038]
04:01:37|INFO   |OUT|gams3_it|dose*     primary      +0.118 [-0.466, +0.717]
04:01:37|INFO   |OUT|gams3_it|dose*     raw_gemini   -0.071 [-0.355, +0.217]
04:01:37|INFO   |OUT|gams3_it|dose*     gem_refused  -0.262 [-0.527, +0.000]
04:01:37|INFO   |OUT|gams3_it|dose*     j1           -0.164 [-0.412, +0.083]
04:01:37|INFO   |OUT|gams3_it|dose*     adj_U        +0.056 [-0.525, +0.633]
04:01:37|INFO   |dOUT|dose*             primary      -2.313 [-5.342, -0.682]
04:01:37|INFO   |dOUT|dose*             raw_gemini   -2.497 [-3.056, -2.027]
04:01:37|INFO   |dOUT|dose*             gem_refused  -2.525 [-3.037, -2.086]
04:01:37|INFO   |dOUT|dose*             j1           -2.076 [-2.542, -1.669]
04:01:37|INFO   |dOUT|dose*             adj_U        -2.881 [-4.187, -1.241]
04:01:37|INFO   |IN|gemma_it|dose*      primary      -0.678 [-1.233, -0.356]
04:01:37|INFO   |IN|gemma_it|dose*      raw_gemini   -0.534 [-0.804, -0.284]
04:01:37|INFO   |IN|gemma_it|dose*      gem_refused  -0.633 [-0.908, -0.369]
04:01:37|INFO   |IN|gemma_it|dose*      j1           -0.770 [-1.021, -0.548]
04:01:37|INFO   |OUT_edit|gemma_it      primary      +2.430 [+0.918, +5.380]
04:01:37|INFO   |OUT_edit|gemma_it      raw_gemini   +0.618 [-0.924, +1.485]
04:01:37|INFO   |OUT_edit|gemma_it      gem_refused  +0.276 [-1.293, +1.128]
04:01:37|INFO   |OUT_edit|gemma_it      j1           +0.877 [+0.105, +1.490]
