=== 01:12:50 ../.venv/bin/python gen.py --model gemma_it --phases smoke,dev,conf
/ai-inventor/aii_data/runs/run_FVi3e3O9CH5I/3_invention_loop/iter_5/gen_art/gen_art_experiment_16/.venv/lib/python3.12/site-packages/transformers/utils/hub.py:110: FutureWarning: Using `TRANSFORMERS_CACHE` is deprecated and will be removed in v5 of Transformers. Use `HF_HOME` instead.
  warnings.warn(
Loading checkpoint shards:   0%|          | 0/5 [00:00<?, ?it/s]Loading checkpoint shards:  20%|██        | 1/5 [00:09<00:38,  9.64s/it]Loading checkpoint shards:  40%|████      | 2/5 [00:19<00:29,  9.72s/it]Loading checkpoint shards:  60%|██████    | 3/5 [00:29<00:19,  9.76s/it]Loading checkpoint shards:  80%|████████  | 4/5 [00:39<00:09,  9.83s/it]Loading checkpoint shards: 100%|██████████| 5/5 [00:48<00:00,  9.54s/it]Loading checkpoint shards: 100%|██████████| 5/5 [00:48<00:00,  9.64s/it]
01:16:07|INFO   |loaded gemma_it {'arch': 'Gemma3ForConditionalGeneration', 'load_s': 74.7, 'vram_gb': 8.41, 'native_triton': 'deregistered', 'torch': '2.14.0+cu126', 'repo': 'google/gemma-3-12b-it', 'revision': '96b6f1eccf38110c56df3a15bffe176da04bfd80', 'template_sha1': '3f7731dd04d6fb3e41478bea860489dac5c6115c', 'gemma_template_sha1': '3f7731dd04d6fb3e41478bea860489dac5c6115c', 'template_override_to_gemma': False, 'rendered_template_sha1': '586e0e943e73a82c594c435262bb9deab4f6f3fe'}
01:16:08|INFO   |adapter attached {'adapter_dir': 'gen_art/gen_art_experiment_9/selected/gemma_it/adapter', 'adapter_sha256': '9714d8a4b8dc6d52e4f92f41dddceeeef5bc9c1c20145e02d955bbfbbcdec547', 'n_tensors': 192, 'n_lora_modules': 96, 'impl': 'forward hooks, bf16, scaling = lambda', 'which': 'real'}
01:16:08|INFO   |adapter attached {'adapter_dir': 'gen_art/gen_art_experiment_9/adapters/gemma_it/rand_1', 'adapter_sha256': '096a361b0142a6ea31263bc9a3524bc60f28cbccc61e62807efb82f7d587434b', 'n_tensors': 192, 'n_lora_modules': 96, 'impl': 'forward hooks, bf16, scaling = lambda', 'which': 'rand'}
01:16:09|INFO   |adapter attached {'adapter_dir': 'gen_art/gen_art_experiment_9/selected/gemma_it/adapter', 'adapter_sha256': '9714d8a4b8dc6d52e4f92f41dddceeeef5bc9c1c20145e02d955bbfbbcdec547', 'n_tensors': 192, 'n_lora_modules': 96, 'impl': 'forward hooks, bf16, scaling = lambda', 'which': 'real'}
01:16:10|INFO   |adapter attached {'adapter_dir': 'gen_art/gen_art_experiment_9/selected/gemma_it/adapter', 'adapter_sha256': '9714d8a4b8dc6d52e4f92f41dddceeeef5bc9c1c20145e02d955bbfbbcdec547', 'n_tensors': 192, 'n_lora_modules': 96, 'impl': 'forward hooks, bf16, scaling = lambda', 'which': 'real'}
01:16:10|INFO   |adapter attached {'adapter_dir': 'gen_art/gen_art_experiment_9/selected/gemma_it/adapter', 'adapter_sha256': '9714d8a4b8dc6d52e4f92f41dddceeeef5bc9c1c20145e02d955bbfbbcdec547', 'n_tensors': 192, 'n_lora_modules': 96, 'impl': 'forward hooks, bf16, scaling = lambda', 'which': 'real'}
01:16:11|INFO   |adapter attached {'adapter_dir': 'gen_art/gen_art_experiment_9/selected/gemma_it/adapter', 'adapter_sha256': '9714d8a4b8dc6d52e4f92f41dddceeeef5bc9c1c20145e02d955bbfbbcdec547', 'n_tensors': 192, 'n_lora_modules': 96, 'impl': 'forward hooks, bf16, scaling = lambda', 'which': 'real'}
01:16:11|INFO   |adapter attached {'adapter_dir': 'gen_art/gen_art_experiment_9/selected/gemma_it/adapter', 'adapter_sha256': '9714d8a4b8dc6d52e4f92f41dddceeeef5bc9c1c20145e02d955bbfbbcdec547', 'n_tensors': 192, 'n_lora_modules': 96, 'impl': 'forward hooks, bf16, scaling = lambda', 'which': 'real'}
01:16:11|INFO   |adapter attached {'adapter_dir': 'gen_art/gen_art_experiment_9/selected/gemma_it/adapter', 'adapter_sha256': '9714d8a4b8dc6d52e4f92f41dddceeeef5bc9c1c20145e02d955bbfbbcdec547', 'n_tensors': 192, 'n_lora_modules': 96, 'impl': 'forward hooks, bf16, scaling = lambda', 'which': 'real'}
01:16:12|INFO   |adapter attached {'adapter_dir': 'gen_art/gen_art_experiment_9/selected/gemma_it/adapter', 'adapter_sha256': '9714d8a4b8dc6d52e4f92f41dddceeeef5bc9c1c20145e02d955bbfbbcdec547', 'n_tensors': 192, 'n_lora_modules': 96, 'impl': 'forward hooks, bf16, scaling = lambda', 'which': 'real'}
01:16:12|INFO   |adapter attached {'adapter_dir': 'gen_art/gen_art_experiment_9/selected/gemma_it/adapter', 'adapter_sha256': '9714d8a4b8dc6d52e4f92f41dddceeeef5bc9c1c20145e02d955bbfbbcdec547', 'n_tensors': 192, 'n_lora_modules': 96, 'impl': 'forward hooks, bf16, scaling = lambda', 'which': 'real'}
01:16:15|INFO   |adapter attached {'adapter_dir': 'gen_art/gen_art_experiment_9/adapters/gemma_it/lambda_1.00', 'adapter_sha256': '1b691a05143898cf724560037b35371ef7cc0e51005140540898e2d89d173e46', 'n_tensors': 192, 'n_lora_modules': 96, 'impl': 'forward hooks, bf16, scaling = lambda', 'which': 'rand'}
01:16:18|INFO   |adapter attached {'adapter_dir': 'gen_art/gen_art_experiment_9/adapters/gemma_it/rand_1', 'adapter_sha256': '096a361b0142a6ea31263bc9a3524bc60f28cbccc61e62807efb82f7d587434b', 'n_tensors': 192, 'n_lora_modules': 96, 'impl': 'forward hooks, bf16, scaling = lambda', 'which': 'rand'}
01:16:18|INFO   |identity checks {'lam0_vs_nohook_maxabs': 0.0, 'lam1_vs_nohook_maxabs_mean': 31.794189453125, 'n': 8, 'saved_lambda1_sha256': '1b691a05143898cf724560037b35371ef7cc0e51005140540898e2d89d173e46', 'selected_sha256': '9714d8a4b8dc6d52e4f92f41dddceeeef5bc9c1c20145e02d955bbfbbcdec547', 'lam1_vs_saved_first16_agree': 20, 'lam1_vs_saved_n': 20}
01:16:18|INFO   |dose_addendum_gemma_it.yaml exists -> skip DEV
01:16:18|INFO   |[conf] gemma_it: 12084 to generate (388 done)
01:17:05|WARNING|OOM at bs=151 -> halving
01:17:38|INFO   |[conf] zero lam=0 75/12084 80s (0.94/s) bs=75 degen 0.000 ETA 213.6 min
01:18:10|INFO   |[conf] zero lam=0 151/12084 112s (1.35/s) bs=76 degen 0.000 ETA 147.3 min
01:18:58|WARNING|OOM at bs=150 -> halving
01:19:30|INFO   |[conf] zero lam=0 226/12084 192s (1.18/s) bs=75 degen 0.000 ETA 167.6 min
01:19:54|INFO   |[conf] zero lam=0 301/12084 216s (1.39/s) bs=75 degen 0.000 ETA 141.2 min
01:20:43|WARNING|OOM at bs=148 -> halving
01:21:15|INFO   |[conf] zero lam=0 375/12084 297s (1.26/s) bs=74 degen 0.000 ETA 154.8 min
