=== 01:54:06 paid --mode pb,ben --models gemma_it
01:54:07|INFO   |=== pb (spent so far $1.2723, hard stop $4.0)
01:54:07|INFO   |pb-gemma_it: nothing to do
01:54:07|INFO   |=== ben (spent so far $1.2723, hard stop $4.0)
01:54:07|INFO   |ben-gemma_it: nothing to do
01:54:07|INFO   |total spent $1.2723
=== exit 0 01:54:07
=== 02:58:39 paid --mode pb --models gams3_it
02:58:40|INFO   |=== pb (spent so far $1.2723, hard stop $4.0)
02:59:10|INFO   |[paid pb-gams3_it] 200/1176 cumulative $1.3995
02:59:28|INFO   |[paid pb-gams3_it] 400/1176 cumulative $1.5291
02:59:47|INFO   |[paid pb-gams3_it] 600/1176 cumulative $1.6615
03:00:06|INFO   |[paid pb-gams3_it] 800/1176 cumulative $1.7913
03:00:28|INFO   |[paid pb-gams3_it] 1000/1176 cumulative $1.9212
03:00:56|INFO   |[paid pb-gams3_it] 1176/1176 cumulative $2.0364
03:00:56|INFO   |pb-gams3_it: 1176 labelled, parsed 1173, blocked 1, cumulative $2.0364
03:00:56|INFO   |total spent $2.0364
=== exit 0 03:00:56
=== 03:33:57 paid --mode adj --models gemma_it,gams3_it
03:33:58|INFO   |=== adj (spent so far $2.0364, hard stop $4.0)
03:34:32|INFO   |[paid adj-A] 200/400 cumulative $2.3506
03:34:53|INFO   |[paid adj-A] 400/400 cumulative $2.6660
03:35:18|INFO   |[paid adj-B] 200/400 cumulative $2.8561
03:35:42|INFO   |[paid adj-B] 400/400 cumulative $3.0471
03:36:47|INFO   |[paid adj-T] 162/162 cumulative $3.0831
03:36:47|INFO   |adjudication resolved 400 rows; U missing 0
03:36:47|INFO   |total spent $3.0831
=== exit 0 03:36:47
=== 03:36:47 paid --mode ben --models gams3_it
03:36:48|INFO   |=== ben (spent so far $3.0831, hard stop $4.0)
03:37:18|INFO   |[paid ben-gams3_it] 200/300 cumulative $3.2124
03:37:29|INFO   |[paid ben-gams3_it] 300/300 cumulative $3.2807
03:37:29|INFO   |ben-gams3_it: 300 labelled, parsed 300, blocked 0, cumulative $3.2807
03:37:29|INFO   |total spent $3.2807
=== exit 0 03:37:29
=== 03:37:29 paid --mode pc --models gemma_it,gams3_it
03:37:30|INFO   |=== pc (spent so far $3.2807, hard stop $4.0)
03:38:04|INFO   |[paid pc-gemma_it] 200/399 cumulative $3.4068
03:38:22|INFO   |[paid pc-gemma_it] 399/399 cumulative $3.5337
03:38:22|INFO   |pc-gemma_it: 399 labelled, parsed 399, blocked 0, cumulative $3.5337
03:38:39|INFO   |[paid pc-gams3_it] 200/400 cumulative $3.6441
03:38:55|INFO   |[paid pc-gams3_it] 400/400 cumulative $3.7503
03:38:55|INFO   |pc-gams3_it: 400 labelled, parsed 398, blocked 0, cumulative $3.7503
03:38:55|INFO   |total spent $3.7503
