Loading checkpoint shards:   0%|          | 0/5 [00:00<?, ?it/s]Loading checkpoint shards:  20%|██        | 1/5 [00:13<00:54, 13.71s/it]Loading checkpoint shards:  40%|████      | 2/5 [00:28<00:42, 14.20s/it]Loading checkpoint shards:  60%|██████    | 3/5 [00:42<00:28, 14.41s/it]Loading checkpoint shards:  80%|████████  | 4/5 [00:57<00:14, 14.52s/it]Loading checkpoint shards: 100%|██████████| 5/5 [01:11<00:00, 14.16s/it]Loading checkpoint shards: 100%|██████████| 5/5 [01:11<00:00, 14.22s/it]
07:12:48|INFO   |loaded gemma_it {'arch': 'Gemma3ForConditionalGeneration', 'load_s': 92.1, 'vram_gb': 8.41, 'native_triton': 'deregistered', 'torch': '2.14.0+cu130', 'src': 'google/gemma-3-12b-it', 'revision': '96b6f1eccf38110c56df3a15bffe176da04bfd80'}
07:12:48|INFO   |adapter attached {'adapter_dir': '/ai-inventor/aii_data/runs/run_FVi3e3O9CH5I/3_invention_loop/iter_1/gen_art/gen_art_experiment_4/results/gemma_it/selected_adapter', 'adapter_sha256': '84671c8ec5c134cb07eba70933693a81b77379e1a1a10100288ec603e3018377', 'n_tensors': 192, 'n_lora_modules': 96, 'impl': 'forward hooks, bf16, scaling = lambda', 'peft_version_of_adapter': '0.21.0'}
07:12:48|INFO   |[J1_lam1_curve_items] gemma_it edit lam=1: 0 to generate (500 done)
07:12:48|INFO   |[J2_curve_0.1] gemma_it lam lam=0.1: 0 to generate (500 done)
07:12:48|INFO   |[J2_curve_0.2] gemma_it lam lam=0.2: 389 to generate (111 done)
07:15:43|INFO   |[J2_curve_0.2] 268/389 175s (1.53/s) degen 0.000 ETA 1.3 min
07:22:19|INFO   |[J2_curve_0.2] 389/389 570s (0.68/s) degen 0.000 ETA 0.0 min
07:22:19|INFO   |[J2_curve_0.3] gemma_it lam lam=0.3: 500 to generate (0 done)
07:25:58|INFO   |[J2_curve_0.3] 299/500 219s (1.36/s) degen 0.000 ETA 2.5 min
07:28:33|INFO   |[J2_curve_0.3] 500/500 374s (1.34/s) degen 0.000 ETA 0.0 min
07:28:33|INFO   |[J2_curve_0.4] gemma_it lam lam=0.4: 500 to generate (0 done)
07:30:50|INFO   |[J2_curve_0.4] 299/500 136s (2.20/s) degen 0.000 ETA 1.5 min
07:33:25|INFO   |[J2_curve_0.4] 500/500 291s (1.72/s) degen 0.000 ETA 0.0 min
07:33:25|INFO   |[J2_curve_0.5] gemma_it lam lam=0.5: 500 to generate (0 done)
07:35:41|INFO   |[J2_curve_0.5] 299/500 136s (2.20/s) degen 0.000 ETA 1.5 min
07:38:16|INFO   |[J2_curve_0.5] 500/500 291s (1.72/s) degen 0.000 ETA 0.0 min
07:38:16|INFO   |[J2_curve_0.6] gemma_it lam lam=0.6: 500 to generate (0 done)
07:40:32|INFO   |[J2_curve_0.6] 299/500 136s (2.20/s) degen 0.000 ETA 1.5 min
07:43:07|INFO   |[J2_curve_0.6] 500/500 291s (1.72/s) degen 0.000 ETA 0.0 min
07:43:07|INFO   |[J2_curve_0.8] gemma_it lam lam=0.8: 500 to generate (0 done)
07:45:23|INFO   |[J2_curve_0.8] 299/500 136s (2.20/s) degen 0.000 ETA 1.5 min
07:47:58|INFO   |[J2_curve_0.8] 500/500 291s (1.72/s) degen 0.000 ETA 0.0 min
07:47:58|INFO   |[J4_lam1_hard] gemma_it edit lam=1: 1144 to generate (100 done)
07:49:32|INFO   |[J4_lam1_hard] 269/1144 94s (2.86/s) degen 0.007 ETA 5.1 min
07:51:08|INFO   |[J4_lam1_hard] 529/1144 190s (2.79/s) degen 0.004 ETA 3.7 min
07:52:32|INFO   |[J4_lam1_hard] 778/1144 274s (2.84/s) degen 0.003 ETA 2.1 min
07:54:44|INFO   |[J4_lam1_hard] 1117/1144 405s (2.76/s) degen 0.002 ETA 0.2 min
07:55:03|INFO   |[J4_lam1_hard] 1144/1144 424s (2.70/s) degen 0.002 ETA 0.0 min
07:55:03|INFO   |[J5a_orig_l3] gemma_it orig lam=0: 600 to generate (0 done)
07:57:18|INFO   |[J5a_orig_l3] 300/600 135s (2.23/s) degen 0.010 ETA 2.2 min
08:00:26|INFO   |[J5a_orig_l3] 565/600 323s (1.75/s) degen 0.005 ETA 0.3 min
08:01:12|INFO   |[J5a_orig_l3] 600/600 369s (1.63/s) degen 0.005 ETA 0.0 min
08:01:12|INFO   |[J5b_lam1_l3] gemma_it edit lam=1: 600 to generate (0 done)
08:03:28|INFO   |[J5b_lam1_l3] 300/600 136s (2.21/s) degen 0.003 ETA 2.3 min
08:05:06|WARNING|[J5b_lam1_l3] deadline hit after 447; resumable
08:05:06|INFO   |phase final done in 3138s
08:06:53|INFO   |batchcheck gemma_it: identical 2/8, lex-agree 8/8
08:06:53|INFO   |phase batchcheck done in 107s
08:07:46|INFO   |competence gemma_it orig lam=0.0 en: acc 0.93 nll/byte 0.5857 (53s)
08:09:01|INFO   |competence gemma_it orig lam=0.0 sl: acc 0.885 nll/byte 0.7977 (75s)
08:10:19|INFO   |competence gemma_it orig lam=0.0 hu: acc 0.88 nll/byte 0.7521 (78s)
08:11:14|INFO   |competence gemma_it edit lam=1.0 en: acc 0.93 nll/byte 0.5855 (54s)
08:12:31|INFO   |competence gemma_it edit lam=1.0 sl: acc 0.885 nll/byte 0.7983 (77s)
08:13:51|INFO   |competence gemma_it edit lam=1.0 hu: acc 0.88 nll/byte 0.7519 (80s)
08:13:51|INFO   |phase bele done in 418s
08:13:51|INFO   |GPU block finished; model evicted
