Loading checkpoint shards:   0%|          | 0/5 [00:00<?, ?it/s]Loading checkpoint shards:  20%|██        | 1/5 [00:09<00:38,  9.53s/it]Loading checkpoint shards:  40%|████      | 2/5 [00:21<00:32, 10.98s/it]Loading checkpoint shards:  60%|██████    | 3/5 [00:31<00:20, 10.32s/it]Loading checkpoint shards:  80%|████████  | 4/5 [00:40<00:10, 10.14s/it]Loading checkpoint shards: 100%|██████████| 5/5 [00:49<00:00,  9.66s/it]Loading checkpoint shards: 100%|██████████| 5/5 [00:49<00:00,  9.95s/it]
06:49:04|INFO   |loaded gemma_it {'arch': 'Gemma3ForConditionalGeneration', 'load_s': 69.9, 'vram_gb': 8.41, 'native_triton': 'deregistered', 'torch': '2.14.0+cu130', 'src': 'google/gemma-3-12b-it', 'revision': '96b6f1eccf38110c56df3a15bffe176da04bfd80'}
06:49:04|INFO   |adapter attached {'adapter_dir': '/ai-inventor/aii_data/runs/run_FVi3e3O9CH5I/3_invention_loop/iter_1/gen_art/gen_art_experiment_4/results/gemma_it/selected_adapter', 'adapter_sha256': '84671c8ec5c134cb07eba70933693a81b77379e1a1a10100288ec603e3018377', 'n_tensors': 192, 'n_lora_modules': 96, 'impl': 'forward hooks, bf16, scaling = lambda', 'peft_version_of_adapter': '0.21.0'}
06:49:07|INFO   |adapter attached {'adapter_dir': '/ai-inventor/aii_data/runs/run_FVi3e3O9CH5I/3_invention_loop/iter_1/gen_art/gen_art_experiment_4/results/gemma_it/selected_adapter', 'adapter_sha256': '84671c8ec5c134cb07eba70933693a81b77379e1a1a10100288ec603e3018377', 'n_tensors': 192, 'n_lora_modules': 96, 'impl': 'forward hooks, bf16, scaling = lambda', 'peft_version_of_adapter': '0.21.0'}
06:49:07|INFO   |adapter attached {'adapter_dir': '/ai-inventor/aii_data/runs/run_FVi3e3O9CH5I/3_invention_loop/iter_1/gen_art/gen_art_experiment_4/results/gemma_it/selected_adapter', 'adapter_sha256': '84671c8ec5c134cb07eba70933693a81b77379e1a1a10100288ec603e3018377', 'n_tensors': 192, 'n_lora_modules': 96, 'impl': 'forward hooks, bf16, scaling = lambda', 'peft_version_of_adapter': '0.21.0'}
06:49:08|INFO   |adapter attached {'adapter_dir': '/ai-inventor/aii_data/runs/run_FVi3e3O9CH5I/3_invention_loop/iter_1/gen_art/gen_art_experiment_4/results/gemma_it/selected_adapter', 'adapter_sha256': '84671c8ec5c134cb07eba70933693a81b77379e1a1a10100288ec603e3018377', 'n_tensors': 192, 'n_lora_modules': 96, 'impl': 'forward hooks, bf16, scaling = lambda', 'peft_version_of_adapter': '0.21.0'}
06:49:08|INFO   |adapter attached {'adapter_dir': '/ai-inventor/aii_data/runs/run_FVi3e3O9CH5I/3_invention_loop/iter_1/gen_art/gen_art_experiment_4/results/gemma_it/selected_adapter', 'adapter_sha256': '84671c8ec5c134cb07eba70933693a81b77379e1a1a10100288ec603e3018377', 'n_tensors': 192, 'n_lora_modules': 96, 'impl': 'forward hooks, bf16, scaling = lambda', 'peft_version_of_adapter': '0.21.0'}
06:49:09|INFO   |adapter attached {'adapter_dir': '/ai-inventor/aii_data/runs/run_FVi3e3O9CH5I/3_invention_loop/iter_1/gen_art/gen_art_experiment_4/results/gemma_it/selected_adapter', 'adapter_sha256': '84671c8ec5c134cb07eba70933693a81b77379e1a1a10100288ec603e3018377', 'n_tensors': 192, 'n_lora_modules': 96, 'impl': 'forward hooks, bf16, scaling = lambda', 'peft_version_of_adapter': '0.21.0'}
06:49:09|INFO   |adapter attached {'adapter_dir': '/ai-inventor/aii_data/runs/run_FVi3e3O9CH5I/3_invention_loop/iter_1/gen_art/gen_art_experiment_4/results/gemma_it/selected_adapter', 'adapter_sha256': '84671c8ec5c134cb07eba70933693a81b77379e1a1a10100288ec603e3018377', 'n_tensors': 192, 'n_lora_modules': 96, 'impl': 'forward hooks, bf16, scaling = lambda', 'peft_version_of_adapter': '0.21.0'}
06:49:10|INFO   |adapter attached {'adapter_dir': '/ai-inventor/aii_data/runs/run_FVi3e3O9CH5I/3_invention_loop/iter_1/gen_art/gen_art_experiment_4/results/gemma_it/selected_adapter', 'adapter_sha256': '84671c8ec5c134cb07eba70933693a81b77379e1a1a10100288ec603e3018377', 'n_tensors': 192, 'n_lora_modules': 96, 'impl': 'forward hooks, bf16, scaling = lambda', 'peft_version_of_adapter': '0.21.0'}
06:49:10|INFO   |adapter attached {'adapter_dir': '/ai-inventor/aii_data/runs/run_FVi3e3O9CH5I/3_invention_loop/iter_1/gen_art/gen_art_experiment_4/results/gemma_it/selected_adapter', 'adapter_sha256': '84671c8ec5c134cb07eba70933693a81b77379e1a1a10100288ec603e3018377', 'n_tensors': 192, 'n_lora_modules': 96, 'impl': 'forward hooks, bf16, scaling = lambda', 'peft_version_of_adapter': '0.21.0'}
06:49:11|INFO   |lambda=0 vs no-hooks max|dlogit| = 0.00e+00; lambda=1 moves logits by 22.79 (mean max|d|)
06:49:11|INFO   |[mini-0.0] gemma_it lam lam=0: 24 to generate (0 done)
06:49:41|INFO   |[mini-0.0] 24/24 31s (0.78/s) degen 0.000 ETA 0.0 min
06:49:41|INFO   |[mini-0.3] gemma_it lam lam=0.3: 24 to generate (0 done)
06:50:12|INFO   |[mini-0.3] 24/24 31s (0.78/s) degen 0.000 ETA 0.0 min
06:50:12|INFO   |[mini-1.0] gemma_it lam lam=1: 24 to generate (0 done)
06:50:43|INFO   |[mini-1.0] 24/24 31s (0.78/s) degen 0.000 ETA 0.0 min
06:50:43|INFO   |phase mini done in 99s
06:50:43|INFO   |GPU block finished; model evicted
