Loading checkpoint shards:   0%|          | 0/5 [00:00<?, ?it/s]Loading checkpoint shards:  20%|██        | 1/5 [00:34<02:16, 34.04s/it]Loading checkpoint shards:  40%|████      | 2/5 [01:10<01:46, 35.41s/it]Loading checkpoint shards:  60%|██████    | 3/5 [01:48<01:13, 36.57s/it]Loading checkpoint shards:  80%|████████  | 4/5 [02:24<00:36, 36.33s/it]Loading checkpoint shards: 100%|██████████| 5/5 [02:53<00:00, 33.59s/it]Loading checkpoint shards: 100%|██████████| 5/5 [02:53<00:00, 34.61s/it]
The following generation flags are not valid and may be ignored: ['temperature', 'top_p', 'top_k']. Set `TRANSFORMERS_VERBOSITY=info` for more details.
08:19:09|INFO   |loaded gams3_it {'arch': 'Gemma3ForCausalLM', 'load_s': 196.0, 'vram_gb': 7.57, 'native_triton': 'deregistered', 'torch': '2.14.0+cu130', 'src': 'cjvt/GaMS3-12B-Instruct', 'revision': '1d0b27af5748784482600d24779409e7e1dc9adc'}
08:19:10|INFO   |adapter attached {'adapter_dir': '/ai-inventor/aii_data/runs/run_FVi3e3O9CH5I/3_invention_loop/iter_1/gen_art/gen_art_experiment_4/results/gams3_it/selected_adapter', 'adapter_sha256': '514b29020cb80eed365cf892b4cd1e78988c2f54c11ab80e04a1d3f77e1469de', 'n_tensors': 192, 'n_lora_modules': 96, 'impl': 'forward hooks, bf16, scaling = lambda', 'peft_version_of_adapter': '0.21.0'}
08:19:13|INFO   |adapter attached {'adapter_dir': '/ai-inventor/aii_data/runs/run_FVi3e3O9CH5I/3_invention_loop/iter_1/gen_art/gen_art_experiment_4/results/gams3_it/selected_adapter', 'adapter_sha256': '514b29020cb80eed365cf892b4cd1e78988c2f54c11ab80e04a1d3f77e1469de', 'n_tensors': 192, 'n_lora_modules': 96, 'impl': 'forward hooks, bf16, scaling = lambda', 'peft_version_of_adapter': '0.21.0'}
08:19:14|INFO   |adapter attached {'adapter_dir': '/ai-inventor/aii_data/runs/run_FVi3e3O9CH5I/3_invention_loop/iter_1/gen_art/gen_art_experiment_4/results/gams3_it/selected_adapter', 'adapter_sha256': '514b29020cb80eed365cf892b4cd1e78988c2f54c11ab80e04a1d3f77e1469de', 'n_tensors': 192, 'n_lora_modules': 96, 'impl': 'forward hooks, bf16, scaling = lambda', 'peft_version_of_adapter': '0.21.0'}
08:19:14|INFO   |adapter attached {'adapter_dir': '/ai-inventor/aii_data/runs/run_FVi3e3O9CH5I/3_invention_loop/iter_1/gen_art/gen_art_experiment_4/results/gams3_it/selected_adapter', 'adapter_sha256': '514b29020cb80eed365cf892b4cd1e78988c2f54c11ab80e04a1d3f77e1469de', 'n_tensors': 192, 'n_lora_modules': 96, 'impl': 'forward hooks, bf16, scaling = lambda', 'peft_version_of_adapter': '0.21.0'}
08:19:15|INFO   |adapter attached {'adapter_dir': '/ai-inventor/aii_data/runs/run_FVi3e3O9CH5I/3_invention_loop/iter_1/gen_art/gen_art_experiment_4/results/gams3_it/selected_adapter', 'adapter_sha256': '514b29020cb80eed365cf892b4cd1e78988c2f54c11ab80e04a1d3f77e1469de', 'n_tensors': 192, 'n_lora_modules': 96, 'impl': 'forward hooks, bf16, scaling = lambda', 'peft_version_of_adapter': '0.21.0'}
08:19:15|INFO   |adapter attached {'adapter_dir': '/ai-inventor/aii_data/runs/run_FVi3e3O9CH5I/3_invention_loop/iter_1/gen_art/gen_art_experiment_4/results/gams3_it/selected_adapter', 'adapter_sha256': '514b29020cb80eed365cf892b4cd1e78988c2f54c11ab80e04a1d3f77e1469de', 'n_tensors': 192, 'n_lora_modules': 96, 'impl': 'forward hooks, bf16, scaling = lambda', 'peft_version_of_adapter': '0.21.0'}
08:19:16|INFO   |adapter attached {'adapter_dir': '/ai-inventor/aii_data/runs/run_FVi3e3O9CH5I/3_invention_loop/iter_1/gen_art/gen_art_experiment_4/results/gams3_it/selected_adapter', 'adapter_sha256': '514b29020cb80eed365cf892b4cd1e78988c2f54c11ab80e04a1d3f77e1469de', 'n_tensors': 192, 'n_lora_modules': 96, 'impl': 'forward hooks, bf16, scaling = lambda', 'peft_version_of_adapter': '0.21.0'}
08:19:16|INFO   |adapter attached {'adapter_dir': '/ai-inventor/aii_data/runs/run_FVi3e3O9CH5I/3_invention_loop/iter_1/gen_art/gen_art_experiment_4/results/gams3_it/selected_adapter', 'adapter_sha256': '514b29020cb80eed365cf892b4cd1e78988c2f54c11ab80e04a1d3f77e1469de', 'n_tensors': 192, 'n_lora_modules': 96, 'impl': 'forward hooks, bf16, scaling = lambda', 'peft_version_of_adapter': '0.21.0'}
08:19:17|INFO   |adapter attached {'adapter_dir': '/ai-inventor/aii_data/runs/run_FVi3e3O9CH5I/3_invention_loop/iter_1/gen_art/gen_art_experiment_4/results/gams3_it/selected_adapter', 'adapter_sha256': '514b29020cb80eed365cf892b4cd1e78988c2f54c11ab80e04a1d3f77e1469de', 'n_tensors': 192, 'n_lora_modules': 96, 'impl': 'forward hooks, bf16, scaling = lambda', 'peft_version_of_adapter': '0.21.0'}
08:19:17|INFO   |lambda=0 vs no-hooks max|dlogit| = 0.00e+00; lambda=1 moves logits by 12.98 (mean max|d|)
08:19:17|INFO   |[mini-0.0] gams3_it lam lam=0: 24 to generate (0 done)
08:19:48|INFO   |[mini-0.0] 24/24 31s (0.78/s) degen 0.000 ETA 0.0 min
08:19:48|INFO   |[mini-0.3] gams3_it lam lam=0.3: 24 to generate (0 done)
08:20:19|INFO   |[mini-0.3] 24/24 31s (0.78/s) degen 0.000 ETA 0.0 min
08:20:19|INFO   |[mini-1.0] gams3_it lam lam=1: 24 to generate (0 done)
08:20:50|INFO   |[mini-1.0] 24/24 31s (0.77/s) degen 0.000 ETA 0.0 min
08:20:50|INFO   |phase mini done in 100s
08:20:50|INFO   |[regen] gams3_it orig lam=0: 64 to generate (0 done)
08:21:47|INFO   |[regen] 64/64 57s (1.12/s) degen 0.000 ETA 0.0 min
08:21:47|INFO   |regen check gams3_it: exact 35/64 lex-equal 63/64 pass=False
08:21:47|INFO   |phase regen done in 58s
08:21:48|INFO   |[J1_lam1_curve_items] gams3_it edit lam=1: 500 to generate (0 done)
08:24:04|INFO   |[J1_lam1_curve_items] 299/500 136s (2.19/s) degen 0.000 ETA 1.5 min
08:26:40|INFO   |[J1_lam1_curve_items] 500/500 292s (1.71/s) degen 0.000 ETA 0.0 min
08:26:40|INFO   |[J2_curve_0.1] gams3_it lam lam=0.1: 500 to generate (0 done)
08:28:56|INFO   |[J2_curve_0.1] 299/500 137s (2.19/s) degen 0.000 ETA 1.5 min
08:31:31|INFO   |[J2_curve_0.1] 500/500 292s (1.71/s) degen 0.000 ETA 0.0 min
08:31:31|INFO   |[J2_curve_0.2] gams3_it lam lam=0.2: 500 to generate (0 done)
08:33:49|INFO   |[J2_curve_0.2] 299/500 137s (2.18/s) degen 0.000 ETA 1.5 min
08:36:24|INFO   |[J2_curve_0.2] 500/500 293s (1.71/s) degen 0.000 ETA 0.0 min
08:36:24|INFO   |[J2_curve_0.3] gams3_it lam lam=0.3: 500 to generate (0 done)
08:38:42|INFO   |[J2_curve_0.3] 299/500 138s (2.17/s) degen 0.000 ETA 1.5 min
08:41:18|INFO   |[J2_curve_0.3] 500/500 294s (1.70/s) degen 0.000 ETA 0.0 min
08:41:18|INFO   |[J2_curve_0.4] gams3_it lam lam=0.4: 500 to generate (0 done)
08:43:35|INFO   |[J2_curve_0.4] 299/500 137s (2.19/s) degen 0.000 ETA 1.5 min
08:46:10|INFO   |[J2_curve_0.4] 500/500 292s (1.71/s) degen 0.000 ETA 0.0 min
08:46:10|INFO   |[J2_curve_0.5] gams3_it lam lam=0.5: 500 to generate (0 done)
08:48:27|INFO   |[J2_curve_0.5] 299/500 136s (2.19/s) degen 0.000 ETA 1.5 min
08:51:02|INFO   |[J2_curve_0.5] 500/500 292s (1.71/s) degen 0.000 ETA 0.0 min
08:51:02|INFO   |[J2_curve_0.6] gams3_it lam lam=0.6: 500 to generate (0 done)
08:53:19|INFO   |[J2_curve_0.6] 299/500 136s (2.19/s) degen 0.000 ETA 1.5 min
08:55:54|INFO   |[J2_curve_0.6] 500/500 292s (1.71/s) degen 0.000 ETA 0.0 min
08:55:54|INFO   |[J2_curve_0.8] gams3_it lam lam=0.8: 500 to generate (0 done)
08:58:11|INFO   |[J2_curve_0.8] 299/500 136s (2.19/s) degen 0.000 ETA 1.5 min
09:00:46|INFO   |[J2_curve_0.8] 500/500 292s (1.71/s) degen 0.000 ETA 0.0 min
09:00:46|INFO   |[J4_lam1_hard] gams3_it edit lam=1: 1144 to generate (100 done)
09:02:20|INFO   |[J4_lam1_hard] 269/1144 94s (2.85/s) degen 0.000 ETA 5.1 min
09:03:56|INFO   |[J4_lam1_hard] 529/1144 190s (2.78/s) degen 0.000 ETA 3.7 min
09:05:21|INFO   |[J4_lam1_hard] 778/1144 275s (2.83/s) degen 0.000 ETA 2.2 min
09:07:32|INFO   |[J4_lam1_hard] 1117/1144 406s (2.75/s) degen 0.001 ETA 0.2 min
09:07:51|INFO   |[J4_lam1_hard] 1144/1144 425s (2.69/s) degen 0.001 ETA 0.0 min
09:07:52|INFO   |[J5a_orig_l3] gams3_it orig lam=0: 370 to generate (0 done)
09:10:11|INFO   |[J5a_orig_l3] 263/370 140s (1.88/s) degen 0.000 ETA 0.9 min
09:11:54|INFO   |[J5a_orig_l3] 370/370 243s (1.52/s) degen 0.003 ETA 0.0 min
09:11:55|INFO   |[J5b_lam1_l3] gams3_it edit lam=1: 370 to generate (0 done)
09:14:17|INFO   |[J5b_lam1_l3] 263/370 142s (1.85/s) degen 0.004 ETA 1.0 min
09:16:02|INFO   |[J5b_lam1_l3] 370/370 248s (1.49/s) degen 0.003 ETA 0.0 min
09:16:02|INFO   |[J3_lam1_refuseu_x] gams3_it edit lam=1: 2192 to generate (400 done)
09:18:16|INFO   |[J3_lam1_refuseu_x] 330/2192 134s (2.47/s) degen 0.000 ETA 12.6 min
09:19:47|INFO   |[J3_lam1_refuseu_x] 535/2192 225s (2.38/s) degen 0.000 ETA 11.6 min
09:22:05|INFO   |[J3_lam1_refuseu_x] 825/2192 363s (2.27/s) degen 0.000 ETA 10.0 min
09:24:25|INFO   |[J3_lam1_refuseu_x] 1098/2192 503s (2.18/s) degen 0.000 ETA 8.3 min
09:26:47|INFO   |[J3_lam1_refuseu_x] 1353/2192 644s (2.10/s) degen 0.000 ETA 6.7 min
09:26:47|WARNING|[J3_lam1_refuseu_x] deadline hit after 1353; resumable
09:26:47|INFO   |phase final done in 3899s
09:28:34|INFO   |batchcheck gams3_it: identical 3/8, lex-agree 8/8
09:28:34|INFO   |phase batchcheck done in 107s
09:29:27|INFO   |competence gams3_it orig lam=0.0 en: acc 0.905 nll/byte 0.5115 (53s)
09:30:42|INFO   |competence gams3_it orig lam=0.0 sl: acc 0.875 nll/byte 0.5972 (75s)
09:32:00|INFO   |competence gams3_it orig lam=0.0 hu: acc 0.87 nll/byte 0.6061 (78s)
09:32:54|INFO   |competence gams3_it edit lam=1.0 en: acc 0.91 nll/byte 0.5118 (54s)
09:34:11|INFO   |competence gams3_it edit lam=1.0 sl: acc 0.87 nll/byte 0.5981 (77s)
09:35:31|INFO   |competence gams3_it edit lam=1.0 hu: acc 0.825 nll/byte 0.6065 (80s)
09:35:31|INFO   |phase bele done in 417s
09:35:31|INFO   |GPU block finished; model evicted
