{
 "checks": {
  "S1_source_pt": "raw residuals (2 split parts)",
  "S1_source_gb": "raw residuals (2 split parts)",
  "Delta_dprime_SL_Lpt": {
   "audit": -0.9815201564692935,
   "analysis": -0.9815090839260306,
   "tol": 0.001,
   "match": true
  },
  "dprime_pt_en_Lpt": {
   "audit": 2.7185425364987195,
   "analysis": 2.718526780827463,
   "tol": 0.001,
   "match": true
  },
  "DiD_dprime_Lpt": {
   "audit": 0.6901947035012768,
   "analysis": 0.6901906601190054,
   "tol": 0.001,
   "match": true
  },
  "R_gams_en": {
   "audit": 0.955,
   "analysis": 0.955,
   "tol": 1e-09,
   "match": true
  },
  "R_gams_sl": {
   "audit": 0.78,
   "analysis": 0.78,
   "tol": 1e-09,
   "match": true
  },
  "R_gemma_en": {
   "audit": 0.955,
   "analysis": 0.955,
   "tol": 1e-09,
   "match": true
  },
  "R_gemma_sl": {
   "audit": 0.9175,
   "analysis": 0.9175,
   "tol": 1e-09,
   "match": true
  },
  "DiD_R_all": {
   "audit": -1.1335759626592987,
   "analysis": -1.1335759626592987,
   "tol": 1e-09,
   "match": true
  },
  "geometry_share_s": {
   "audit": 0.04152421095609898,
   "analysis": 0.041524210956100746,
   "tol": 1e-06,
   "match": true
  },
  "R2adj_fullcat_s": {
   "audit": 0.12033958236146958,
   "analysis": 0.1203395823614698,
   "tol": 1e-06,
   "match": true
  },
  "S3_n_items": {
   "audit": 2146,
   "analysis": 2146,
   "match": true
  },
  "a50_gemma|pt|en": {
   "audit_curve_fit": null,
   "analysis": null,
   "match": true,
   "note": "NR (peak < 0.5) or < 4 rising-limb alphas"
  },
  "a50_gemma|pt|sl": {
   "audit_curve_fit": null,
   "analysis": null,
   "match": true,
   "note": "NR (peak < 0.5) or < 4 rising-limb alphas"
  },
  "a50_gemma|own_pooled|en": {
   "audit_curve_fit": 1661.5552388095405,
   "audit_empirical_interp": 1530.5864898055474,
   "analysis": 1661.5552571631324,
   "analysis_interp": 1530.5864898055474,
   "ratio": 0.9999999889539684,
   "interp_match": true,
   "match": true
  },
  "a50_gemma|own_pooled|sl": {
   "audit_curve_fit": 1519.2474429816332,
   "audit_empirical_interp": 1344.203650578155,
   "analysis": 1519.2474480664828,
   "analysis_interp": 1344.203650578155,
   "ratio": 0.9999999966530472,
   "interp_match": true,
   "match": true
  },
  "a50_gemma|langid|en": {
   "audit_curve_fit": null,
   "analysis": null,
   "match": true,
   "note": "NR (peak < 0.5) or < 4 rising-limb alphas"
  },
  "a50_gemma|langid|sl": {
   "audit_curve_fit": null,
   "analysis": null,
   "match": true,
   "note": "NR (peak < 0.5) or < 4 rising-limb alphas"
  },
  "a50_gams|pt|en": {
   "audit_curve_fit": 2997.451714970181,
   "audit_empirical_interp": 2938.679883280179,
   "analysis": 2997.4517167867234,
   "analysis_interp": 2938.679883280179,
   "ratio": 0.9999999993939711,
   "interp_match": true,
   "match": true
  },
  "a50_gams|pt|sl": {
   "audit_curve_fit": null,
   "analysis": null,
   "match": true,
   "note": "NR (peak < 0.5) or < 4 rising-limb alphas"
  },
  "a50_gams|own_pooled|en": {
   "audit_curve_fit": 2701.9505628710926,
   "audit_empirical_interp": 2656.440105576973,
   "analysis": 2701.9505707392264,
   "analysis_interp": 2656.440105576973,
   "ratio": 0.9999999970879802,
   "interp_match": true,
   "match": true
  },
  "a50_gams|own_pooled|sl": {
   "audit_curve_fit": 2253.789283298985,
   "audit_empirical_interp": 2270.9971889732224,
   "analysis": 2253.7893794322845,
   "analysis_interp": 2270.9971889732224,
   "ratio": 0.9999999573459258,
   "interp_match": true,
   "match": true
  },
  "a50_gams|langid|en": {
   "audit_curve_fit": null,
   "analysis": null,
   "match": true,
   "note": "NR (peak < 0.5) or < 4 rising-limb alphas"
  },
  "a50_gams|langid|sl": {
   "audit_curve_fit": null,
   "analysis": null,
   "match": true,
   "note": "NR (peak < 0.5) or < 4 rising-limb alphas"
  },
  "R_judge_gams_en": {
   "audit": 0.9674185463659147,
   "analysis": 0.9674185463659147,
   "tol": 1e-09,
   "match": true
  },
  "R_judge_gams_sl": {
   "audit": 0.9172932330827067,
   "analysis": 0
