{
 "en_at_Lpt": {
  "est": 3.6266727447509766,
  "ci": [
   2.961558723449707,
   4.456625306606293
  ],
  "n_harm": 1817,
  "n_harmless": 25
 },
 "sl_at_Lpt": {
  "est": 3.1651062965393066,
  "ci": [
   2.372373902797699,
   4.099711334705352
  ],
  "n_harm": 2105,
  "n_harmless": 27
 },
 "en_at_ownL": {
  "est": -1.283189058303833,
  "ci": [
   -1.6368482798337936,
   -0.9733005732297898
  ],
  "n_harm": 1817,
  "n_harmless": 25
 },
 "sl_at_ownL": {
  "est": 0.30435144901275635,
  "ci": [
   -0.20201812386512755,
   0.7771471351385114
  ],
  "n_harm": 2105,
  "n_harmless": 27
 }
}
pt [(6, 2.43, 2.0, -0.26), (12, 2.18, 1.51, -0.5), (18, 1.45, 0.9, -0.41), (22, 2.2, 1.16, -0.34), (24, 1.18, 1.47, -0.15), (26, 0.36, 1.25, -0.01), (30, 0.75, 1.66, -0.19), (36, 0.6, 1.53, -0.33), (42, 0.38, 1.28, -0.42), (48, 4.28, 2.38, -0.2)]
gb [(6, 2.72, 2.52, -0.25), (12, 1.7, 1.39, -0.45), (18, 0.99, 1.16, 0.26), (22, 5.83, 4.32, -0.08), (24, 1.29, 1.25, -0.87), (26, 0.92, 1.46, -0.64), (30, 1.33, 1.41, -0.58), (36, 1.78, 1.36, -0.6), (42, 1.71, 1.2, -0.64), (48, 1.33, 1.19, -0.43)]
