2026-09-23 16:20:01.265 | INFO     | __main__:main:86 - model gams: steering/extraction layer L_pt=22
/ai-inventor/aii_data/runs/run_FVi3e3O9CH5I/3_invention_loop/iter_1/gen_art/gen_art_experiment_2/.venv/lib/python3.12/site-packages/transformers/utils/hub.py:110: FutureWarning: Using `TRANSFORMERS_CACHE` is deprecated and will be removed in v5 of Transformers. Use `HF_HOME` instead.
  warnings.warn(
Loading checkpoint shards:   0%|          | 0/5 [00:00<?, ?it/s]Loading checkpoint shards:  20%|██        | 1/5 [00:06<00:24,  6.12s/it]Loading checkpoint shards:  40%|████      | 2/5 [00:13<00:20,  6.94s/it]Loading checkpoint shards:  60%|██████    | 3/5 [00:20<00:14,  7.12s/it]Loading checkpoint shards:  80%|████████  | 4/5 [00:28<00:07,  7.21s/it]Loading checkpoint shards: 100%|██████████| 5/5 [00:34<00:00,  6.69s/it]Loading checkpoint shards: 100%|██████████| 5/5 [00:34<00:00,  6.81s/it]
The following generation flags are not valid and may be ignored: ['temperature', 'top_p', 'top_k']. Set `TRANSFORMERS_VERBOSITY=info` for more details.
2026-09-23 16:22:03.095 | INFO     | common:load_model:93 - loaded cjvt/GaMS3-12B-Instruct@1d0b27af5748784482600d24779409e7e1dc9adc bits=4 in 55s; GPU mem 7.6 GB
2026-09-23 16:22:31.814 | INFO     | __main__:main:120 - CONSTRUCT extraction 1886 prompts 28s
2026-09-23 16:22:32.388 | INFO     | __main__:main:133 - N_bar(L=22) = 44633.21; |own pooled raw| = 3898.20
2026-09-23 16:22:32.573 | INFO     | __main__:build_dir_tab:150 - cos: pt~gb +0.628, pt~own_pooled -0.069, pt~own_en -0.073, pt~own_sl -0.064, pt~langid +0.222, gb~own_pooled -0.723, gb~own_en -0.731, gb~own_sl -0.707, gb~langid +0.876, own_pooled~own_en +0.998, own_pooled~own_sl +0.996, own_pooled~langid -0.864, own_en~own_sl +0.988, own_en~langid -0.871, own_sl~langid -0.849
2026-09-23 16:23:12.888 | INFO     | common:generate:312 -   gen batch 20/86 (46 seqs) 40s, ETA 133s
2026-09-23 16:23:53.578 | INFO     | common:generate:312 -   gen batch 40/86 (114 seqs) 81s, ETA 93s
2026-09-23 16:24:34.006 | INFO     | common:generate:312 -   gen batch 60/86 (163 seqs) 121s, ETA 53s
2026-09-23 16:25:02.108 | INFO     | common:generate:312 -   gen batch 80/86 (194 seqs) 150s, ETA 11s
2026-09-23 16:25:08.221 | INFO     | __main__:main:162 - CONSTRUCT-100 generation 200 in 156s
2026-09-23 16:25:19.847 | INFO     | __main__:main:184 - s KV-reuse vs concat: max |diff| 0.1772 -> PASS
2026-09-23 16:29:13.739 | INFO     | __main__:main:188 - s on 4692 prompts (cache) in 234s
2026-09-23 16:29:59.801 | INFO     | common:generate:312 -   gen batch 20/140 (110 seqs) 46s, ETA 276s
2026-09-23 16:30:53.908 | INFO     | common:generate:312 -   gen batch 40/140 (377 seqs) 100s, ETA 250s
2026-09-23 16:31:44.376 | INFO     | common:generate:312 -   gen batch 60/140 (570 seqs) 151s, ETA 201s
2026-09-23 16:32:29.739 | INFO     | common:generate:312 -   gen batch 80/140 (683 seqs) 196s, ETA 147s
2026-09-23 16:33:11.324 | INFO     | common:generate:312 -   gen batch 100/140 (748 seqs) 238s, ETA 95s
2026-09-23 16:33:44.033 | INFO     | common:generate:312 -   gen batch 120/140 (779 seqs) 270s, ETA 45s
2026-09-23 16:34:04.754 | INFO     | common:generate:312 -   gen batch 140/140 (800 seqs) 291s, ETA 0s
2026-09-23 16:34:04.756 | INFO     | __main__:main:201 - SCORE-400 generation 800 in 291s
2026-09-23 16:34:04.886 | INFO     | __main__:build_dir_tab:150 - cos: pt~gb +0.628, pt~own_pooled -0.069, pt~own_en -0.073, pt~own_sl -0.064, pt~langid +0.222, gb~own_pooled -0.723, gb~own_en -0.731, gb~own_sl -0.707, gb~langid +0.876, own_pooled~own_en +0.998, own_pooled~own_sl +0.996, own_pooled~langid -0.864, own_en~own_sl +0.988, own_en~langid -0.871, own_sl~langid -0.849
2026-09-23 16:34:07.897 | INFO     | __main__:main:242 - norm profile at L=22: {'n_positions': 9465, 'mean': 44631.9765625, 'median': 46151.16015625, 'p10': 34629.82421875, 'p90': 55632.390625, 'p99': 59974.15234375, 'max': 65376.21484375, 'mean_first6_nonBOS_positions_bucket0': [16493.978515625, 37733.44140625, 48219.16015625, 50515.91796875, 53328.05859375, 47429.203125], 'own_pooled_raw_norm': 3898.20458984375, 'n_bar': 44633.209000264134}
2026-09-23 16:35:33.956 | INFO     | __main__:main:287 - induction none: 200 gens in 86s; R by k: -1:0.01 | elapsed 1.4 min, projected total 152.0 min
2026-09-23 16:39:20.978 | INFO     | __main__:main:287 - induction pt: 3000 gens in 227s; R by k: -4:0.01 -3:0.01 -2:0.01 0:0.01 1:0.05 2:0.28 3:0.00 4:0.00 5:0.00 6:0.00 7:0.00 8:0.00 9:0.00 10:0.00 11:0.00 | elapsed 5.2 min, projected total 34.6 min
2026-09-23 16:43:07.543 | INFO     | __main__:main:287 - induction own_pooled: 3000 gens in 226s; R by k: -4:0.01 -3:0.01 -2:0.02 0:0.04 1:0.27 2:0.76 3:0.96 4:0.81 5:0.29 6:0.07 7:0.00 8:0.00 9:0.00 10:0.00 11:0.00 | elapsed 9.0 min, projected total 30.8 min
2026-09-23 16:46:54.483 | INFO     | __main__:main:287 - induction langid: 3000 gens in 227s; R by k: -4:0.01 -3:0.01 -2:0.01 0:0.01 1:0.01 2:0.03 3:0.01 4:0.01 5:0.01 6:0.01 7:0.00 8:0.00 9:0.00 10:0.00 11:0.00 | elapsed 12.8 min, projected total 29.4 min
2026-09-23 16:48:07.466 | INFO     | __main__:main:287 - induction rand0: 600 gens in 73s; R by k: -4:0.00 -3:0.00 -2:0.00 0:0.03 1:0.00 2:0.00 3:0.00 4:0.00 5:0.00 6:0.00 7:0.00 8:0.00 9:0.00 10:0.00 11:0.00 | elapsed 14.0 min, projected total 30.3 min
2026-09-23 16:49:19.876 | INFO     | __main__:main:287 - induction rand1: 600 gens in 72s; R by k: -4:0.00 -3:0.00 -2:0.00 0:0.00 1:0.00 2:0.00 3:0.00 4:0.00 5:0.00 6:0.00 7:0.00 8:0.00 9:0.00 10:0.00 11:0.00 | elapsed 15.2 min, projected total 31.0 min
2026-09-23 16:50:32.256 | INFO     | __main__:main:287 - induction rand2: 600 gens in 72s; R by k: -4:0.00 -3:0.00 -2:0.00 0:0.00 1:0.00 2:0.00 3:0.00 4:0.00 5:0.00 6:0.00 7:0.00 8:0.00 9:0.00 10:0.00 11:0.00 | elapsed 16.4 min, projected total 31.6 min
2026-09-23 16:51:44.433 | INFO     | __main__:main:287 - induction rand3: 600 gens in 72s; R by k: -4:0.00 -3:0.00 -2:0.00 0:0.00 1:0.05 2:0.00 3:0.10 4:0.00 5:0.00 6:0.00 7:0.00 8:0.00 9:0.00 10:0.00 11:0.00 | elapsed 17.6 min, projected total 32.2 min
2026-09-23 16:52:56.736 | INFO     | __main__:main:287 - induction rand4: 600 gens in 72s; R by k: -4:0.00 -3:0.00 -2:0.00 0:0.00 1:0.00 2:0.00 3:0.00 4:0.00 5:0.00 6:0.00 7:0.00 8:0.00 9:0.00 10:0.00 11:0.00 | elapsed 18.8 min, projected total 32.7 min
2026-09-23 16:56:43.823 | INFO     | __main__:main:287 - induction gb: 3000 gens in 227s; R by k: -4:0.01 -3:0.01 -2:0.01 0:0.01 1:0.01 2:0.01 3:0.09 4:0.12 5:0.00 6:0.00 7:0.00 8:0.00 9:0.00 10:0.00 11:0.00 | elapsed 22.6 min, projected total 31.5 min
2026-09-23 17:00:30.867 | INFO     | __main__:main:287 - induction own_en: 3000 gens in 227s; R by k: -4:0.01 -3:0.01 -2:0.02 0:0.03 1:0.28 2:0.78 3:0.99 4:0.90 5:0.45 6:0.12 7:0.00 8:0.00 9:0.00 10:0.00 11:0.00 | elapsed 26.4 min, projected total 30.7 min
2026-09-23 17:04:18.101 | INFO     | __main__:main:287 - induction own_sl: 3000 gens in 227s; R by k: -4:0.01 -3:0.01 -2:0.01 0:0.04 1:0.27 2:0.70 3:0.96 4:0.57 5:0.12 6:0.00 7:0.00 8:0.00 9:0.00 10:0.00 11:0.00 | elapsed 30.2 min, projected total 30.2 min
2026-09-23 17:04:18.325 | INFO     | __main__:main:298 - done
