06:20:01|INFO   |[arc_challenge/en] query='Question: Which statement describes how the life cycle of butterflies is different from the life cycle of frogs?\nAnswer:' choices=['Butterfly life cycles have more stages.', 'Butterfly life cycles have an egg stage.', 'Butterfly life cycles have a pupa stage.', 'Butterfly life cycles have an adult stage.'] gold=2
06:20:01|INFO   |[arc_challenge/en] query='tion: Hydrogen has an atomic mass of 1, and oxygen has an atomic mass of 16. When a water molecule forms, two hydrogen atoms combine with one oxygen atom. What is the mass of a water molecule?\nAnswer:' choices=['14', '16', '17', '18'] gold=3
06:20:01|INFO   |[arc_challenge/sl] query='Vprašanje: Katera trditev opisuje, kako se življenjski cikel metuljev razlikuje od življenjskega cikla žab?\nodgovor:' choices=['Življenjski cikel metuljev ima več stopenj.', 'Življenjski cikel metuljev vključuje fazo jajčeca.', 'Življenjski cikel metuljev vključuje fazo bube.', 'Življenjski cikel metuljev vključuje odraslo fazo.'] gold=2
06:20:01|INFO   |[arc_challenge/sl] query='Vprašanje: Vodik ima atomsko maso 1, kisik pa atomsko maso 16. Ko nastane molekula vode, se dva atoma vodika združita z enim atomom kisika. Kakšna je masa molekule vode?\nodgovor:' choices=['14.', '16.', '17.', '18.'] gold=3
06:20:01|INFO   |arc_challenge: {'task': 'arc_challenge', 'n_sl': 1172, 'n_pairs': 1172, 'gold_agreement': 1.0, 'len_ratio_median': 0.992, 'len_ratio_p05_p95': [0.841, 1.171], 'paired': True, 'n_written': 400, 'chance': 0.25027777777777777}
06:20:04|INFO   |[boolq/en] query='t branched inflorescence, containing thousands of flowers; the talipot is monocarpic, meaning the individual plants die after flowering.\nQuestion: is rafflesia the largest flower in the world?\nAnswer:' choices=['no', 'yes'] gold=0
06:20:04|INFO   |[boolq/en] query='Captain America: The Winter Soldier (2014), Guardians of the Galaxy (2014), Avengers: Age of Ultron (2015), and Ant-Man (2015).\nQuestion: is age of ultron connected to guardians of the galaxy?\nAnswer:' choices=['no', 'yes'] gold=1
06:20:04|INFO   |[boolq/sl] query='fera) največje razvejano socvetje, ki vsebuje na tisoče cvetov; talipot je monokarpičen, kar pomeni, da posamezne rastline po cvetenju odmrejo.\nVprašanje: Je raflezija največji cvet na svetu?\nOdgovor:' choices=['ne', 'da'] gold=0
06:20:04|INFO   |[boolq/sl] query="America: The Winter Soldier' (2014), 'Guardians of the Galaxy' (2014), 'Avengers: Age of Ultron' (2015) in 'Ant-Man' (2015).\nVprašanje: Je 'Age of Ultron' povezan z 'Guardians of the Galaxy'?\nOdgovor:" choices=['ne', 'da'] gold=1
06:20:04|INFO   |boolq: {'task': 'boolq', 'n_sl': 3270, 'n_pairs': 3270, 'gold_agreement': 1.0, 'len_ratio_median': 0.998, 'len_ratio_p05_p95': [0.889, 1.131], 'paired': True, 'n_written': 400, 'chance': 0.5}
06:20:08|INFO   |[hellaswag/en] query='Making a sandwich: A hand cooked the bacon on the pan. The tomato' choices=['is being sliced on the board.', 'was spread over the egg with a knife.', 'is peeled along with the lettuce.', 'is mashed onto a baking pan.'] gold=0
06:20:08|INFO   |[hellaswag/en] query='Futsal: A goalie is shown saving several balls and being interviewed by a reporter. Many shots' choices=['of a hockey rink is shown as well as people taking a picture', 'are shown of goalie and themselves out on the field with tro', 'are shown of boys playing soccer and being interviewed and l', 'are shown of the hit team while the goalie stands on a defen'] gold=2
06:20:08|INFO   |[hellaswag/sl] query='Priprava sendviča: Na ponvi je roka pekla slanino. Paradižnik' choices=['se reže na deski.', 'je bil razmazan po jajcu z nožem.', 'je olupljen skupaj s solato.', 'je pretlačen na pekač.'] gold=0
06:20:08|INFO   |[hellaswag/sl] query='Futsal: Prikazan je vratar, ki brani več žog in je intervjuvan s strani novinarja. Veliko posnetkov' choices=['prikazano je hokejsko igrišče, ljudje, ki fotografirajo, in ', 'prikazani so vratar in igralci na igrišču s pokali.', 'prikazani so fantje, ki igrajo nogomet in so intervjuvani, k', 'prikazane so prizore ekipe medtem ko vratar stoji na obrambn'] gold=2
06:20:08|INFO   |hellaswag: {'task': 'hellaswag', 'n_sl': 10042, 'n_pairs': 10042, 'gold_agreement': 1.0, 'len_ratio_median': 0.967, 'len_ratio_p05_p95': [0.834, 1.075], 'paired': True, 'n_written': 400, 'chance': 0.25}
06:20:11|INFO   |[openbookqa/en] query='Evaporation' choices=['only happens in the summer', "is like nature's disappearing water trick", 'is caused by snow', 'involves the disappearance of sunlight'] gold=1
06:20:11|INFO   |[openbookqa/en] query='Earthworms create tunnels in' choices=['ice', 'dirt', 'water', 'concrete'] gold=1
06:20:11|INFO   |[openbookqa/sl] query='Izhlapevanje' choices=['poteka samo poleti.', 'je kot trik z izginjajočo vodo, ki ga izvaja narava.', 'povzroča sneg.', 'vključuje izginjanje sončne svetlobe.'] gold=1
06:20:11|INFO   |[openbookqa/sl] query='Deževniki delajo rove v' choices=['ledu.', 'zemlji.', 'vodi.', 'betonu.'] gold=1
06:20:11|INFO   |openbookqa: {'task': 'openbookqa', 'n_sl': 500, 'n_pairs': 500, 'gold_agreement': 1.0, 'len_ratio_median': 1.041, 'len_ratio_p05_p95': [0.823, 1.319], 'paired': True, 'n_written': 400, 'chance': 0.25}
06:20:14|INFO   |[piqa/en] query='Question: Remove greasy prints from walls.\nAnswer:' choices=['Wipe walls with lettuce.', 'Wipe walls with white bread.'] gold=1
06:20:14|INFO   |[piqa/en] query='Question: To make dry shampoo\nAnswer:' choices=['Mix together one part corn starch, one part white clay, and ', 'Mix together one part corn starch, one part modelling clay a'] gold=0
06:20:14|INFO   |[piqa/sl] query='Vprašanje: Odstranite mastne odtise s sten.\nOdgovor:' choices=['Obrišite stene s solato.', 'Obrišite stene z belim kruhom.'] gold=1
06:20:14|INFO   |[piqa/sl] query='Vprašanje: Za izdelavo suhega šampona\nOdgovor:' choices=['Zmešajte en del koruznega škroba, en del bele gline in polov', 'Zmešajte en del koruznega škroba, en del modelirne gline in '] gold=0
06:20:14|INFO   |piqa: {'task': 'piqa', 'n_sl': 1838, 'n_pairs': 1838, 'gold_agreement': 1.0, 'len_ratio_median': 1.045, 'len_ratio_p05_p95': [0.87, 1.266], 'paired': True, 'n_written': 400, 'chance': 0.5}
06:20:17|INFO   |[winogrande/en] query=' .' choices=['The girl put her money in her bag instead of her pocket beca', 'The girl put her money in her bag instead of her pocket beca'] gold=0
06:20:17|INFO   |[winogrande/en] query=' was very self-assured.' choices=["William was very comfortable entering Kenneth 's personal do", "William was very comfortable entering Kenneth 's personal do"] gold=0
06:20:17|INFO   |[winogrande/sl] query=' .' choices=['Deklica je dala denar v torbo namesto v žep, ker je nasilnež', 'Deklica je dala denar v torbo namesto v žep, ker je nasilnež'] gold=0
06:20:17|INFO   |[winogrande/sl] query=' zelo samozavesten.' choices=['Williamu ni bilo prav nič nerodno kadar koli vstopiti v Kenn', 'Williamu ni bilo prav nič nerodno kadar koli vstopiti v Kenn'] gold=0
06:20:17|INFO   |winogrande: {'task': 'winogrande', 'n_sl': 1267, 'n_dropped_no_blank_or_empty_continuation': 0, 'n_pairs': 1267, 'gold_agreement': 1.0, 'len_ratio_median': 1.025, 'len_ratio_p05_p95': [0.785, 1.285], 'paired': True, 'n_written': 400, 'chance': 0.5}
06:20:21|INFO   |belebele: {'n_common': 900, 'n_answer_agree': 900, 'n_items': 200, 'n_passages': 150, 'gold_dist': {1: 44, 3: 56, 4: 41, 2: 59}}
06:20:30|INFO   |harmless exclusion corpus: 91575 texts, 601369 8-grams
06:20:30|INFO   |harmless: {'n_candidates': 9965, 'n_kept': 260, 'dropped': {'exact': 2}, 'categories': {'general_qa': 50, 'open_qa': 64, 'creative_writing': 10, 'brainstorming': 39, 'classification': 37}}
06:20:32|INFO   |overlap audit: {"dependency_blocks": {"refuseu_eval": 2800, "refuseu_gold_calib": 590, "gams_dose_rows": 6239, "hard_xstest": 900, "hard_orbench_hard1k": 2638, "hard_orbench_toxic300": 600, "identity_confirm": 480, "refuseu_x_mt": 1400}, "n_dep_8grams": 451699, "arc_challenge_en.jsonl": {"n": 400, "exact_overlap": 0, "8gram_gt50pct_overlap": 0}, "arc_challenge_sl.jsonl": {"n": 400, "exact_overlap": 0, "8gram_gt50pct_overlap": 0}, "boolq_en.jsonl": {"n": 400, "exact_overlap": 0, "8gram_gt50pct_overlap": 0}, "boolq_sl.jsonl": {"n": 400, "exact_overlap": 0, "8gram_gt50pct_overlap": 0}, "hellaswag_en.jsonl": {"n": 400, "exact_overlap": 0, "8gram_gt50pct_overlap": 0}, "hellaswag_sl.jsonl": {"n": 400, "exact_overlap": 0, "8gram_gt50pct_overlap": 0}, "openbookqa_en.jsonl": {"n": 400, "exact_overlap": 0, "8gram_gt50pct_overlap": 0}, "openbookqa_sl.jsonl": {"n": 400, "exact_overlap": 0, "8gram_gt50pct_overlap": 0}, "piqa_en.jsonl": {"n": 400, "exact_overlap": 0, "8gram_gt50pct_overlap": 0}, "piqa_sl.jsonl": {"n": 400, "exact_overlap": 0, "8gram_gt50pct_overlap": 0}, "winogrande_en.jsonl": {"n": 400, "exact_overlap": 8, "8gram_gt50pct_overlap": 0}, "winogrande_sl.jsonl": {"n": 400, "exact_overlap": 16, "8gram_gt50pct_overlap": 0}, "belebele_en.jsonl": {"n": 200, "exact_overlap": 0, "8gram_gt50pct_overlap": 0}, "belebele_hu.jsonl": {"n": 200, "exact_overlap": 0, "8gram_gt50pct_overlap": 0}, "belebele_sl.jsonl": {"n": 200, "exact_overlap": 0, "8gram_gt50pct_overlap": 0}, "dolly_en.jsonl": {"n": 260, "e
06:20:32|INFO   |wrote 19 data files
