  rq4 gemma_it: 1/36 (163s)
  rq4 gemma_it: 2/36 (163s)
  rq4 gemma_it: 3/36 (163s)
  rq4 gemma_it: 4/36 (164s)
  rq4 gemma_it: 5/36 (164s)
  rq4 gemma_it: 6/36 (164s)
  rq4 gemma_it: 7/36 (165s)
  rq4 gemma_it: 8/36 (165s)
  rq4 gemma_it: 9/36 (165s)
  rq4 gemma_it: 10/36 (165s)
  rq4 gemma_it: 11/36 (166s)
  rq4 gemma_it: 12/36 (166s)
  rq4 gemma_it: 13/36 (176s)
  rq4 gemma_it: 14/36 (176s)
  rq4 gemma_it: 15/36 (224s)
  rq4 gemma_it: 16/36 (225s)
  rq4 gemma_it: 17/36 (225s)
  rq4 gemma_it: 18/36 (225s)
  rq4 gemma_it: 19/36 (226s)
  rq4 gemma_it: 20/36 (226s)
  rq4 gemma_it: 21/36 (226s)
  rq4 gemma_it: 22/36 (227s)
  rq4 gemma_it: 23/36 (227s)
  rq4 gemma_it: 24/36 (228s)
  rq4 gemma_it: 25/36 (228s)
  rq4 gemma_it: 26/36 (235s)
  rq4 gemma_it: 27/36 (237s)
  rq4 gemma_it: 28/36 (238s)
  rq4 gemma_it: 29/36 (275s)
  rq4 gemma_it: 30/36 (275s)
  rq4 gemma_it: 31/36 (275s)
  rq4 gemma_it: 32/36 (275s)
  rq4 gemma_it: 33/36 (275s)
  rq4 gemma_it: 34/36 (275s)
  rq4 gemma_it: 35/36 (275s)
  rq4 gemma_it: 36/36 (285s)
{
 "E1|inst": {
  "en_bt": {
   "auroc": 0.99995,
   "auroc_shuffled": 0.4665,
   "selectivity": 0.53345,
   "ceiling": true,
   "auroc_ci": [
    0.9997494188215801,
    1.0
   ],
   "dprime_fixed_probe": 0.3039994239807129,
   "dprime_along_rEN": 0.3039994239807129,
   "dprime_along_rSL": 0.6027389168739319,
   "dprime_along_rEN_ci": [
    0.12969519197940826,
    0.48990708589553833
   ],
   "cos_dm_vs_original": 0.8094329833984375
  },
  "sl_mt": {
   "auroc": 0.99995,
   "auroc_shuffled": 0.5486000000000001,
   "selectivity": 0.4513499999999999,
   "ceiling": true,
   "auroc_ci": [
    0.9997606835675826,
    1.0
   ],
   "dprime_fixed_probe": 0.7194463014602661,
   "dprime_along_rEN": 0.19480569660663605,
   "dprime_along_rSL": 0.7194463014602661,
   "dprime_along_rEN_ci": [
    0.012215680442750454,
    0.41743436455726624
   ],
   "cos_dm_vs_original": 0.8779110312461853
  },
  "en_orig": {
   "auroc": 0.99985,
   "auroc_shuffled": 0.4788,
   "selectivity": 0.52105,
   "ceiling": true,
   "auroc_ci": [
    0.9993994354153256,
    1.0
   ],
   "dprime_fixed_probe": 0.5138096809387207,
   "dprime_along_rEN": 0.4007454812526703,
   "dprime_along_rSL": 0.5119845867156982,
   "dprime_along_rEN_ci": [
    0.19436077773571014,
    0.5824658870697021
   ],
   "cos_dm_vs_original": 0.7901715040206909
  },
  "transfer": {
   "en_bt->sl_mt": 1.0,
   "sl_mt->en_bt": 1.0,
   "en_orig->sl_mt": 1.0
  }
 },
 "E1|post": {
  "en_bt": {
   "auroc": 1.0,
   "auroc_shuffled": 0.51355,
   "selectivity": 0.48645000000000005,
   "ceiling": true,
   "auroc_ci": [
    0.9999999999999999,
    1.0
   ],
   "dprime_fixed_probe": 0.3397248387336731,
   "dprime_along_rEN": 0.3397248387336731,
   "dprime_along_rSL": 0.3420850932598114,
   "dprime_along_rEN_ci": [
    0.12063180655241013,
    0.5850592255592346
   ],
   "cos_dm_vs_original": 0.7653511166572571
  },
  "sl_mt": {
   "auroc": 1.0,
   "auroc_shuffled": 0.49817500000000003,
   "selectivity": 0.501825,
   "ceiling": true,
   "auroc_ci": [
    0.9999999999999999,
    1.0
   ],
   "dprime_fixed_probe": 0.2574959099292755,
   "dprime_along_rEN": 0.23625119030475616,
   "dprime_along_rSL": 0.2574959099292755,
   "dprime_along_rEN_ci": [
    0.04608960077166557,
    0.4198744595050812
   ],
   "cos_dm_vs_original": 0.5433539152145386
  },
  "en_orig": {
   "auroc": 1.0,
   "auroc_shuffled": 0.56785,
   "selectivity": 0.43215000000000003,
   "ceiling": true,
   "auroc_ci": [
    0.9999999999999999,
    1.0
   ],
   "dprime_fixed_probe": 0.12868981063365936,
   "dprime_along_rEN": 0.03106514923274517,
   "dprime_along_rSL": 0.03445935249328613,
   "dprime_along_rEN_ci": [
    -0.1284617930650711,
    0.2191620171070099
   ],
   "cos_dm_vs_original": 0.28932783007621765
  },
  "transfer": {
   "en_bt->sl_mt": 1.0,
   "sl_mt->en_bt": 1.0,
   "en_orig->sl_mt": 1.0
  }
 },
 "Estar|inst": {
  "en_bt": {
   "auroc": 0.99995,
   "auroc_shuffled": 0.470475,
   "selectivity": 0.529475,
   "ceiling": true,
   "auroc_ci": [
   
