00:14:21|INFO   |refusal_gemini: 11576 jobs, 11576 to do; est input tokens 4,480,487 -> ~$1.34; spent so far $0.339
00:15:23|INFO   |[ledger_refusal_gemini.jsonl] {'done': 500, 'skipped': 0, 'failed': 0, 'blocked': 0} spent_global=$0.382 63s
00:16:44|INFO   |[ledger_refusal_gemini.jsonl] {'done': 1000, 'skipped': 0, 'failed': 0, 'blocked': 0} spent_global=$0.426 143s
00:17:52|INFO   |[ledger_refusal_gemini.jsonl] {'done': 1500, 'skipped': 0, 'failed': 0, 'blocked': 0} spent_global=$0.470 211s
00:19:00|INFO   |[ledger_refusal_gemini.jsonl] {'done': 2000, 'skipped': 0, 'failed': 0, 'blocked': 0} spent_global=$0.513 280s
00:20:17|INFO   |[ledger_refusal_gemini.jsonl] {'done': 2500, 'skipped': 0, 'failed': 0, 'blocked': 0} spent_global=$0.557 356s
00:21:28|INFO   |[ledger_refusal_gemini.jsonl] {'done': 3000, 'skipped': 0, 'failed': 0, 'blocked': 0} spent_global=$0.600 428s
00:22:58|INFO   |[ledger_refusal_gemini.jsonl] {'done': 3500, 'skipped': 0, 'failed': 0, 'blocked': 0} spent_global=$0.644 518s
00:24:09|INFO   |[ledger_refusal_gemini.jsonl] {'done': 4000, 'skipped': 0, 'failed': 0, 'blocked': 3} spent_global=$0.691 588s
00:25:08|WARNING|R:train:742:S1|gams|sl_mt|pre_comply5||refusal_gemini: HTTP 404: 
00:25:08|WARNING|R:train:511:S9|gemma|en_orig|k0||refusal_gemini: HTTP 404: 
00:25:08|WARNING|R:train:889:S1|gemma|en_orig|k0||refusal_gemini: HTTP 404: 
00:25:08|WARNING|R:train:1650:S12|q14|sl_mt|pre_comply5||refusal_gemini: HTTP 404: 
00:25:08|WARNING|R:train:771:S1|gams|en_orig|k0||refusal_gemini: HTTP 404: 
00:25:08|WARNING|R:train:1045:S1|q14|sl_mt|k0||refusal_gemini: HTTP 404: 
00:25:08|WARNING|R:train:1210:S2|gams|en_orig|k0||refusal_gemini: HTTP 404: 
00:25:08|WARNING|R:test:1814:S12|gams|sl_mt|pre_neutral||refusal_gemini: HTTP 404: 
00:25:08|WARNING|R:train:2037:S8|gams|sl_mt|pre_neutral||refusal_gemini: HTTP 404: 
00:25:08|WARNING|R:train:920:S1|q14|sl_mt|k0||refusal_gemini: HTTP 404: 
00:25:08|WARNING|R:train:331:S10|gams|en_orig|pre_neutral||refusal_gemini: HTTP 404: 
00:25:08|WARNING|R:train:2478:S10|gemma|sl_mt|pre_neutral||refusal_gemini: HTTP 404: 
00:25:08|WARNING|R:train:1927:S7|q14|sl_mt|pre_neutral||refusal_gemini: HTTP 404: 
00:25:08|WARNING|R:train:2613:S11|gams|en_orig|k0||refusal_gemini: HTTP 404: 
00:25:08|WARNING|R:train:744:S1|q14|en_orig|pre_comply5||refusal_gemini: HTTP 404: 
00:25:08|WARNING|R:train:1949:S7|q14|en_orig|pre_comply5||refusal_gemini: HTTP 404: 
00:25:08|WARNING|R:train:2052:S8|gams|en_orig|k0||refusal_gemini: HTTP 404: 
00:25:08|WARNING|R:train:2041:S8|gams|en_orig|pre_neutral||refusal_gemini: HTTP 404: 
00:25:08|WARNING|R:train:394:S9|q14|en_orig|k0||refusal_gemini: HTTP 404: 
00:25:08|WARNING|R:train:2094:S6|gams|en_orig|pre_comply5||refusal_gemini: HTTP 404: 
00:25:08|WARNING|R:train:2049:S8|q14|en_orig|k0||refusal_gemini: HTTP 404: 
00:25:08|WARNING|R:train:2608:S11|gemma|sl_mt|pre_neutral||refusal_gemini: HTTP 404: 
00:25:08|WARNING|R:train:2041:S8|gemma|sl_mt|pre_comply5||refusal_gemini: HTTP 404: 
00:25:08|WARNING|R:train:1951:S7|gemma|sl_mt|k0||refusal_gemini: HTTP 404: 
00:25:08|WARNING|R:test:1394:S2|q14|sl_mt|k0||refusal_gemini: HTTP 404: 
00:25:08|WARNING|R:train:1921:S7|gemma|en_orig|k0||refusal_gemini: HTTP 404: 
00:25:08|WARNING|R:train:2420:S5|q14|en_orig|k0||refusal_gemini: HTTP 404: 
00:25:08|WARNING|R:train:1876:S7|gemma|en_orig|pre_comply5||refusal_gemini: HTTP 404: 
00:25:08|WARNING|R:train:2590:S4|gams|en_orig|pre_neutral||refusal_gemini: HTTP 404: 
00:25:08|WARNING|R:train:1431:S13|q14|sl_mt|pre_comply5||refusal_gemini: HTTP 404: 
00:25:08|WARNING|R:train:1458:S13|gemma|en_orig|k0||refusal_gemini: HTTP 404: 
00:25:08|WARNING|R:train:995:S1|gams|en_orig|pre_comply5||refusal_gemini: HTTP 404: 
00:25:08|WARNING|R:train:2442:S10|q14|en_orig|k0||refusal_gemini: HTTP 404: 
00:25:08|WARNING|R:train:287:S14|gams|en_orig|pre_neutral||refusal_gemini: HTTP 404: 
00:25:08|WARNING|R:train:2267:S3|gams|sl_mt|pre_comply5||refusal_gemini: HTTP 404: 
00:25:08|WARNING|R:train:130:S3|q14|en_orig|k0||refusal_gemini: HTTP 404: 
00:25:08|WARNING|R:train:331:S10|q14|en_orig|k0||refusal_gemini: HTTP 404: 
00:25:08|WARNING|R:train:1539:S13|gams|en_orig|k0||refusal_gemini: HTTP 404: 
00:25:08|WARNING|R:train:2343:S3|gemma|en_orig|k0||refusal_gemini: HTTP 404: 
00:25:08|WARNING|R:train:2574:S4|gams|sl_mt|k0||refusal_gemini: HTTP 404: 
00:25:08|ERROR  |outage: 40 consecutive failures (HTTP 404: )
00:25:08|WARNING|R:train:310:S6|q14|sl_mt|pre_comply5||refusal_gemini: HTTP 404: 
00:25:08|WARNING|R:train:289:S5|q14|en_orig|pre_comply5||refusal_gemini: HTTP 404: 
00:25:08|WARNING|R:train:920:S1|gams|en_orig|k0||refusal_gemini: HTTP 404: 
00:25:08|WARNING|R:train:2526:S4|gams|en_orig|pre_comply5||refusal_gemini: HTTP 404: 
00:25:10|WARNING|R:test:2618:S11|gams|en_orig|pre_neutral||refusal_gemini: HTTP 404: 
00:25:10|WARNING|R:train:2558:S4|q14|en_orig|k0||refusal_gemini: HTTP 404: 
00:25:10|WARNING|R:test:1446:S13|gemma|en_orig|k0||refusal_gemini: HTTP 404: 
00:25:10|WARNING|R:train:1897:S7|gemma|en_orig|pre_comply5||refusal_gemini: HTTP 404: 
00:25:10|WARNING|R:train:2432:S5|gams|sl_mt|k0||refusal_gemini: HTTP 404: 
00:25:10|WARNING|R:train:650:S9|gemma|en_orig|k0||refusal_gemini: HTTP 404: 
00:25:10|WARNING|R:train:1393:S2|gemma|en_orig|k0||refusal_gemini: HTTP 404: 
00:25:10|WARNING|R:train:1281:S2|q14|sl_mt|k0||refusal_gemini: HTTP 404: 
00:25:10|WARNING|R:train:1911:S7|gemma|en_orig|pre_comply5||refusal_gemini: HTTP 404: 
00:25:10|WARNING|R:train:1410:S13|gams|sl_mt|pre_comply5||refusal_gemini: HTTP 404: 
00:25:11|WARNING|R:train:1457:S13|gemma|sl_mt|pre_comply5||refusal_gemini: HTTP 404: 
00:25:11|WARNING|R:train:114:S3|gemma|en_orig|k0||refusal_gemini: HTTP 404: 
00:25:11|WARNING|R:train:1922:S7|q14|en_orig|pre_comply5||refusal_gemini: HTTP 404: 
00:25:11|WARNING|R:train:136:S3|gams|sl_mt|k0||refusal_gemini: HTTP 404: 
00:25:11|WARNING|R:train:2481:S4|q14|sl_mt|pre_neutral||refusal_gemini: HTTP 404: 
00:25:13|WARNING|R:train:1152:S2|q14|en_orig|pre_neutral||refusal_gemini: HTTP 404: 
00:25:16|WARNING|R:train:335:S11|gams|en_orig|k0||refusal_gemini: HTTP 404: 
00:25:16|WARNING|R:train:2436:S5|gams|en_orig|pre_comply5||refusal_gemini: HTTP 404: 
00:25:18|WARNING|R:train:1509:S13|q14|sl_mt|k0||refusal_gemini: HTTP 404: 
00:25:18|INFO   |[ledger_refusal_gemini.jsonl] finished {'done': 4371, 'skipped': 0, 'failed': 63, 'blocked': 5} spent_global=$0.728 stop=outage: 40 consecutive failures (HTTP 404: ) in 658s
00:25:18|INFO   |exported 4376 -> refusal_gemini.jsonl
00:25:18|INFO   |exported 0 -> refusal_gpt41.jsonl
00:25:18|INFO   |exported 0 -> idname.jsonl
