18:34:00|INFO   |orclient: 325 jobs, 325 to do; ledger spent $0.0000 (cap $4.75)
18:34:33|INFO   |orclient done: 325 calls; spent $0.0644; stop=False capped=0
18:34:33|INFO   |orclient: 650 jobs, 650 to do; ledger spent $0.0644 (cap $4.75)
18:34:50|INFO   |orclient done: 650 calls; spent $0.0896; stop=False capped=0
18:34:50|WARNING|only 140 both-SAFE twins; F5 top-up from exp9 candidates (200 available)
18:34:50|INFO   |twins: 325 candidates; pass 164; T=200 DEVTWIN=24; safe_lite Counter({'SAFE': 189, 'UNSAFE': 136}); safe_gpt Counter({'SAFE': 275, 'UNSAFE': 50})
18:34:50|INFO   |stage twins done in 51s
18:34:55|ERROR  |An error has been caught in function '<module>', process 'MainProcess' (950), thread 'MainThread' (127681971272576):
Traceback (most recent call last):

> File "/ai-inventor/aii_data/runs/run_FVi3e3O9CH5I/3_invention_loop/iter_4/gen_art/gen_art_experiment_15/src/build_items.py", line 317, in <module>
    main()
    └ <function main at 0x7420458dc4a0>

  File "/ai-inventor/aii_data/runs/run_FVi3e3O9CH5I/3_invention_loop/iter_4/gen_art/gen_art_experiment_15/src/build_items.py", line 312, in main
    {"pool": stage_pool, "twins": stage_twins, "mt": stage_mt}[s]()
             │                    │                  │         └ 'mt'
             │                    │                  └ <function stage_mt at 0x7420458dc0e0>
             │                    └ <function stage_twins at 0x7420458b3ec0>
             └ <function stage_pool at 0x7420458b3ce0>

  File "/ai-inventor/aii_data/runs/run_FVi3e3O9CH5I/3_invention_loop/iter_4/gen_art/gen_art_experiment_15/src/build_items.py", line 270, in stage_mt
    model, tok = load_nllb()
                 └ <function load_nllb at 0x7420458dc040>

  File "/ai-inventor/aii_data/runs/run_FVi3e3O9CH5I/3_invention_loop/iter_4/gen_art/gen_art_experiment_15/src/build_items.py", line 260, in load_nllb
    from transformers import AutoModelForSeq2SeqLM, AutoTokenizer

  File "/ai-inventor/aii_data/runs/run_FVi3e3O9CH5I/3_invention_loop/iter_4/gen_art/gen_art_experiment_15/.venv/lib/python3.12/site-packages/transformers/__init__.py", line 27, in <module>
    from . import dependency_versions_check
  File "/ai-inventor/aii_data/runs/run_FVi3e3O9CH5I/3_invention_loop/iter_4/gen_art/gen_art_experiment_15/.venv/lib/python3.12/site-packages/transformers/dependency_versions_check.py", line 16, in <module>
    from .utils.versions import require_version, require_version_core
  File "/ai-inventor/aii_data/runs/run_FVi3e3O9CH5I/3_invention_loop/iter_4/gen_art/gen_art_experiment_15/.venv/lib/python3.12/site-packages/transformers/utils/__init__.py", line 24, in <module>
    from .auto_docstring import (
  File "/ai-inventor/aii_data/runs/run_FVi3e3O9CH5I/3_invention_loop/iter_4/gen_art/gen_art_experiment_15/.venv/lib/python3.12/site-packages/transformers/utils/auto_docstring.py", line 30, in <module>
    from .generic import ModelOutput
  File "/ai-inventor/aii_data/runs/run_FVi3e3O9CH5I/3_invention_loop/iter_4/gen_art/gen_art_experiment_15/.venv/lib/python3.12/site-packages/transformers/utils/generic.py", line 53, in <module>
    from ..model_debugging_utils import model_addition_debugger_context
  File "/ai-inventor/aii_data/runs/run_FVi3e3O9CH5I/3_invention_loop/iter_4/gen_art/gen_art_experiment_15/.venv/lib/python3.12/site-packages/transformers/model_debugging_utils.py", line 30, in <module>
    from safetensors.torch import save_file
  File "/ai-inventor/aii_data/runs/run_FVi3e3O9CH5I/3_invention_loop/iter_4/gen_art/gen_art_experiment_15/.venv/lib/python3.12/site-packages/safetensors/torch.py", line 16, in <module>
    def storage_ptr(tensor: torch.Tensor) -> int:
                            └ <module 'torch' (namespace) from ['/ai-inventor/aii_data/runs/run_FVi3e3O9CH5I/3_invention_loop/iter_4/gen_art/gen_art_experi...

AttributeError: module 'torch' has no attribute 'Tensor'
Traceback (most recent call last):
  File "/ai-inventor/aii_data/runs/run_FVi3e3O9CH5I/3_invention_loop/iter_4/gen_art/gen_art_experiment_15/src/build_items.py", line 317, in <module>
    main()
  File "/ai-inventor/aii_data/runs/run_FVi3e3O9CH5I/3_invention_loop/iter_4/gen_art/gen_art_experiment_15/.venv/lib/python3.12/site-packages/loguru/_logger.py", line 1297, in catch_wrapper
    return function(*args, **kwargs)
           ^^^^^^^^^^^^^^^^^^^^^^^^^
  File "/ai-inventor/aii_data/runs/run_FVi3e3O9CH5I/3_invention_loop/iter_4/gen_art/gen_art_experiment_15/src/build_items.py", line 312, in main
    {"pool": stage_pool, "twins": stage_twins, "mt": stage_mt}[s]()
  File "/ai-inventor/aii_data/runs/run_FVi3e3O9CH5I/3_invention_loop/iter_4/gen_art/gen_art_experiment_15/src/build_items.py", line 270, in stage_mt
    model, tok = load_nllb()
                 ^^^^^^^^^^^
  File "/ai-inventor/aii_data/runs/run_FVi3e3O9CH5I/3_invention_loop/iter_4/gen_art/gen_art_experiment_15/src/build_items.py", line 260, in load_nllb
    from transformers import AutoModelForSeq2SeqLM, AutoTokenizer
  File "/ai-inventor/aii_data/runs/run_FVi3e3O9CH5I/3_invention_loop/iter_4/gen_art/gen_art_experiment_15/.venv/lib/python3.12/site-packages/transformers/__init__.py", line 27, in <module>
    from . import dependency_versions_check
  File "/ai-inventor/aii_data/runs/run_FVi3e3O9CH5I/3_invention_loop/iter_4/gen_art/gen_art_experiment_15/.venv/lib/python3.12/site-packages/transformers/dependency_versions_check.py", line 16, in <module>
    from .utils.versions import require_version, require_version_core
  File "/ai-inventor/aii_data/runs/run_FVi3e3O9CH5I/3_invention_loop/iter_4/gen_art/gen_art_experiment_15/.venv/lib/python3.12/site-packages/transformers/utils/__init__.py", line 24, in <module>
    from .auto_docstring import (
  File "/ai-inventor/aii_data/runs/run_FVi3e3O9CH5I/3_invention_loop/iter_4/gen_art/gen_art_experiment_15/.venv/lib/python3.12/site-packages/transformers/utils/auto_docstring.py", line 30, in <module>
    from .generic import ModelOutput
  File "/ai-inventor/aii_data/runs/run_FVi3e3O9CH5I/3_invention_loop/iter_4/gen_art/gen_art_experiment_15/.venv/lib/python3.12/site-packages/transformers/utils/generic.py", line 53, in <module>
    from ..model_debugging_utils import model_addition_debugger_context
  File "/ai-inventor/aii_data/runs/run_FVi3e3O9CH5I/3_invention_loop/iter_4/gen_art/gen_art_experiment_15/.venv/lib/python3.12/site-packages/transformers/model_debugging_utils.py", line 30, in <module>
    from safetensors.torch import save_file
  File "/ai-inventor/aii_data/runs/run_FVi3e3O9CH5I/3_invention_loop/iter_4/gen_art/gen_art_experiment_15/.venv/lib/python3.12/site-packages/safetensors/torch.py", line 16, in <module>
    def storage_ptr(tensor: torch.Tensor) -> int:
                            ^^^^^^^^^^^^
AttributeError: module 'torch' has no attribute 'Tensor'
