/ai-inventor/aii_data/runs/run_FVi3e3O9CH5I/3_invention_loop/iter_4/gen_art/gen_art_experiment_15/.venv/lib/python3.12/site-packages/transformers/utils/hub.py:110: FutureWarning: Using `TRANSFORMERS_CACHE` is deprecated and will be removed in v5 of Transformers. Use `HF_HOME` instead.
  warnings.warn(
/ai-inventor/aii_data/runs/run_FVi3e3O9CH5I/3_invention_loop/iter_4/gen_art/gen_art_experiment_15/.venv/lib/python3.12/site-packages/torch/jit/_script.py:1491: FutureWarning: `torch.jit.script` is deprecated. Please switch to `torch.compile` or `torch.export`.
  warnings.warn(
19:36:49|WARNING|AutoTokenizer failed ('list' object has no attribute 'keys'); loading tokenizer.json directly
19:36:50|INFO   |J1 loaded on cuda; sha256 7c805d7fb2d9; unexpected 0
[W924 19:36:52.933749766 CUDACachingAllocator.cpp:3934] memory allocation failed with OOM on device 0 while trying to allocate 48234496 bytes (free: 10420224, total: 23659151360).
[W924 19:36:52.935800415 CUDACachingAllocator.cpp:3934] memory allocation failed with OOM on device 0 while trying to allocate 48234496 bytes (free: 10420224, total: 23659151360).
19:36:52|ERROR  |An error has been caught in function '<module>', process 'MainProcess' (17599), thread 'MainThread' (127718244719488):
Traceback (most recent call last):

> File "/ai-inventor/aii_data/runs/run_FVi3e3O9CH5I/3_invention_loop/iter_4/gen_art/gen_art_experiment_15/src/judge_local.py", line 122, in <module>
    main()
    └ <function main at 0x742780cd7560>

  File "/ai-inventor/aii_data/runs/run_FVi3e3O9CH5I/3_invention_loop/iter_4/gen_art/gen_art_experiment_15/src/judge_local.py", line 114, in main
    n = label(model, tok, sha, rows, OUT)
        │     │      │    │    │     └ PosixPath('/ai-inventor/aii_data/runs/run_FVi3e3O9CH5I/3_invention_loop/iter_4/gen_art/gen_art_experiment_15/results/labels/p...
        │     │      │    │    └ [{'row_id': '42bdd85ba7bf03c8ca52eda966b7d27b34295615', 'item_id': 'train:807:S1', 'set': 'DEV', 'arm': 'EN_BT', 'lang': 'en'...
        │     │      │    └ '7c805d7fb2d9b684a17e8594ed7854acae2e1117ce1e4558d42483de67f6b092'
        │     │      └ PreTrainedTokenizerFast(name_or_path='', vocab_size=250101, model_max_length=512, is_fast=True, padding_side='right', truncat...
        │     └ DebertaV2ForSequenceClassification(
        │         (deberta): DebertaV2Model(
        │           (embeddings): DebertaV2Embeddings(
        │             (word_embedding...
        └ <function label at 0x742780cd6f20>

  File "/ai-inventor/aii_data/runs/run_FVi3e3O9CH5I/3_invention_loop/iter_4/gen_art/gen_art_experiment_15/src/judge_local.py", line 83, in label
    pr = predict(model, tok, [r[resp_key] for r in ch], [r[req_key] for r in ch])
         │       │      │       │                  │       │                 └ [{'row_id': '42bdd85ba7bf03c8ca52eda966b7d27b34295615', 'item_id': 'train:807:S1', 'set': 'DEV', 'arm': 'EN_BT', 'lang': 'en'...
         │       │      │       │                  │       └ 'request'
         │       │      │       │                  └ [{'row_id': '42bdd85ba7bf03c8ca52eda966b7d27b34295615', 'item_id': 'train:807:S1', 'set': 'DEV', 'arm': 'EN_BT', 'lang': 'en'...
         │       │      │       └ 'response'
         │       │      └ PreTrainedTokenizerFast(name_or_path='', vocab_size=250101, model_max_length=512, is_fast=True, padding_side='right', truncat...
         │       └ DebertaV2ForSequenceClassification(
         │           (deberta): DebertaV2Model(
         │             (embeddings): DebertaV2Embeddings(
         │               (word_embedding...
         └ <function predict at 0x742780cd7240>

  File "/ai-inventor/aii_data/runs/run_FVi3e3O9CH5I/3_invention_loop/iter_4/gen_art/gen_art_experiment_15/.venv/lib/python3.12/site-packages/torch/utils/_contextlib.py", line 124, in decorate_context
    return func(*args, **kwargs)
           │     │       └ {}
           │     └ (DebertaV2ForSequenceClassification(
           │         (deberta): DebertaV2Model(
           │           (embeddings): DebertaV2Embeddings(
           │             (word_embeddin...
           └ <function predict at 0x742780cd71a0>

  File "/ai-inventor/aii_data/runs/run_FVi3e3O9CH5I/3_invention_loop/iter_4/gen_art/gen_art_experiment_15/src/judge_local.py", line 73, in predict
    out[idx] = torch.softmax(model(**enc).logits.float(), -1).cpu().numpy()
    │   │      │     │       │       └ {'input_ids': tensor([[     1,    435,  42028,  ...,      0,      0,      0],
    │   │      │     │       │                 [     1,    260, 109605,  ...,      0, ...
    │   │      │     │       └ DebertaV2ForSequenceClassification(
    │   │      │     │           (deberta): DebertaV2Model(
    │   │      │     │             (embeddings): DebertaV2Embeddings(
    │   │      │     │               (word_embedding...
    │   │      │     └ <built-in method softmax of type object at 0x7427b56a5640>
    │   │      └ <module 'torch' from '/ai-inventor/aii_data/runs/run_FVi3e3O9CH5I/3_invention_loop/iter_4/gen_art/gen_art_experiment_15/.venv...
    │   └ [1168, 900, 988, 1076, 1171, 1175, 1209, 1245, 1244, 1174, 1206, 1214, 1291, 1333, 1248, 1235, 1352, 1220, 1000, 1003, 1164, ...
    └ array([[0., 0., 0.],
             [0., 0., 0.],
             [0., 0., 0.],
             ...,
             [0., 0., 0.],
             [0., 0., 0.],
             [...

  File "/ai-inventor/aii_data/runs/run_FVi3e3O9CH5I/3_invention_loop/iter_4/gen_art/gen_art_experiment_15/.venv/lib/python3.12/site-packages/torch/nn/modules/module.py", line 1783, in _wrapped_call_impl
    return self._call_impl(*args, **kwargs)
           │    │           │       └ {'input_ids': tensor([[     1,    435,  42028,  ...,      0,      0,      0],
           │    │           │                 [     1,    260, 109605,  ...,      0, ...
           │    │           └ ()
           │    └ <function Module._call_impl at 0x742782e725c0>
           └ DebertaV2ForSequenceClassification(
               (deberta): DebertaV2Model(
                 (embeddings): DebertaV2Embeddings(
                   (word_embedding...
  File "/ai-inventor/aii_data/runs/run_FVi3e3O9CH5I/3_invention_loop/iter_4/gen_art/gen_art_experiment_15/.venv/lib/python3.12/site-packages/torch/nn/modules/module.py", line 1794, in _call_impl
    return forward_call(*args, **kwargs)
           │             │       └ {'input_ids': tensor([[     1,    435,  42028,  ...,      0,      0,      0],
           │             │                 [     1,    260, 109605,  ...,      0, ...
           │             └ ()
           └ <bound method DebertaV2ForSequenceClassification.forward of DebertaV2ForSequenceClassification(
               (deberta): DebertaV2Model(
             ...
  File "/ai-inventor/aii_data/runs/run_FVi3e3O9CH5I/3_invention_loop/iter_4/gen_art/gen_art_experiment_15/.venv/lib/python3.12/site-packages/transformers/models/deberta_v2/modeling_deberta_v2.py", line 1077, in forward
    outputs = self.deberta(
              └ DebertaV2ForSequenceClassification(
                  (deberta): DebertaV2Model(
                    (embeddings): DebertaV2Embeddings(
                      (word_embedding...
  File "/ai-inventor/aii_data/runs/run_FVi3e3O9CH5I/3_invention_loop/iter_4/gen_art/gen_art_experiment_15/.venv/lib/python3.12/site-packages/torch/nn/modules/module.py", line 1783, in _wrapped_call_impl
    return self._call_impl(*args, **kwargs)
           │    │           │       └ {'token_type_ids': tensor([[0, 0, 0,  ..., 0, 0, 0],
           │    │           │                 [0, 0, 0,  ..., 0, 0, 0],
           │    │           │                 [0, 0, 0,  ..., 0, 0, 0],
           │    │           │             ...
           │    │           └ (tensor([[     1,    435,  42028,  ...,      0,      0,      0],
           │    │                     [     1,    260, 109605,  ...,      0,      0,      ...
           │    └ <function Module._call_impl at 0x742782e725c0>
           └ DebertaV2Model(
               (embeddings): DebertaV2Embeddings(
                 (word_embeddings): Embedding(251000, 768, padding_idx=0)
                 (LayerN...
  File "/ai-inventor/aii_data/runs/run_FVi3e3O9CH5I/3_invention_loop/iter_4/gen_art/gen_art_experiment_15/.venv/lib/python3.12/site-packages/torch/nn/modules/module.py", line 1794, in _call_impl
    return forward_call(*args, **kwargs)
           │             │       └ {'token_type_ids': tensor([[0, 0, 0,  ..., 0, 0, 0],
           │             │                 [0, 0, 0,  ..., 0, 0, 0],
           │             │                 [0, 0, 0,  ..., 0, 0, 0],
           │             │             ...
           │             └ (tensor([[     1,    435,  42028,  ...,      0,      0,      0],
           │                       [     1,    260, 109605,  ...,      0,      0,      ...
           └ <bound method DebertaV2Model.forward of DebertaV2Model(
               (embeddings): DebertaV2Embeddings(
                 (word_embeddings): Embedding...
  File "/ai-inventor/aii_data/runs/run_FVi3e3O9CH5I/3_invention_loop/iter_4/gen_art/gen_art_experiment_15/.venv/lib/python3.12/site-packages/transformers/models/deberta_v2/modeling_deberta_v2.py", line 784, in forward
    encoder_outputs = self.encoder(
                      └ DebertaV2Model(
                          (embeddings): DebertaV2Embeddings(
                            (word_embeddings): Embedding(251000, 768, padding_idx=0)
                            (LayerN...
  File "/ai-inventor/aii_data/runs/run_FVi3e3O9CH5I/3_invention_loop/iter_4/gen_art/gen_art_experiment_15/.venv/lib/python3.12/site-packages/torch/nn/modules/module.py", line 1783, in _wrapped_call_impl
    return self._call_impl(*args, **kwargs)
           │    │           │       └ {'output_hidden_states': True, 'output_attentions': False, 'return_dict': True}
           │    │           └ (tensor([[[ 0.0739, -0.0172, -0.0336,  ..., -0.1484,  0.0361, -0.0587],
           │    │                      [ 0.0209,  0.8101, -0.2322,  ..., -0.8213, -...
           │    └ <function Module._call_impl at 0x742782e725c0>
           └ DebertaV2Encoder(
               (layer): ModuleList(
                 (0-11): 12 x DebertaV2Layer(
                   (attention): DebertaV2Attention(
                     (sel...
  File "/ai-inventor/aii_data/runs/run_FVi3e3O9CH5I/3_invention_loop/iter_4/gen_art/gen_art_experiment_15/.venv/lib/python3.12/site-packages/torch/nn/modules/module.py", line 1794, in _call_impl
    return forward_call(*args, **kwargs)
           │             │       └ {'output_hidden_states': True, 'output_attentions': False, 'return_dict': True}
           │             └ (tensor([[[ 0.0739, -0.0172, -0.0336,  ..., -0.1484,  0.0361, -0.0587],
           │                        [ 0.0209,  0.8101, -0.2322,  ..., -0.8213, -...
           └ <bound method DebertaV2Encoder.forward of DebertaV2Encoder(
               (layer): ModuleList(
                 (0-11): 12 x DebertaV2Layer(
                   (at...
  File "/ai-inventor/aii_data/runs/run_FVi3e3O9CH5I/3_invention_loop/iter_4/gen_art/gen_art_experiment_15/.venv/lib/python3.12/site-packages/transformers/models/deberta_v2/modeling_deberta_v2.py", line 657, in forward
    output_states, attn_weights = layer_module(
    │                             └ DebertaV2Layer(
    │                                 (attention): DebertaV2Attention(
    │                                   (self): DisentangledSelfAttention(
    │                                     (query_proj): Linear(in_featu...
    └ tensor([[[ 9.2850e-03,  1.7990e-02, -8.4457e-03,  ...,  8.6355e-04,
                -4.5509e-03,  3.3569e-03],
               [ 4.7559e-0...
  File "/ai-inventor/aii_data/runs/run_FVi3e3O9CH5I/3_invention_loop/iter_4/gen_art/gen_art_experiment_15/.venv/lib/python3.12/site-packages/transformers/modeling_layers.py", line 94, in __call__
    return super().__call__(*args, **kwargs)
                             │       └ {'query_states': None, 'relative_pos': tensor([[[   0,   -1,   -2,  ..., -119, -120, -121],
                             │                  [   1,    0,   -1,  ...,...
                             └ (tensor([[[ 9.2850e-03,  1.7990e-02, -8.4457e-03,  ...,  8.6355e-04,
                                         -4.5509e-03,  3.3569e-03],
                                        [ 4.7559e-...
  File "/ai-inventor/aii_data/runs/run_FVi3e3O9CH5I/3_invention_loop/iter_4/gen_art/gen_art_experiment_15/.venv/lib/python3.12/site-packages/torch/nn/modules/module.py", line 1783, in _wrapped_call_impl
    return self._call_impl(*args, **kwargs)
           │    │           │       └ {'query_states': None, 'relative_pos': tensor([[[   0,   -1,   -2,  ..., -119, -120, -121],
           │    │           │                  [   1,    0,   -1,  ...,...
           │    │           └ (tensor([[[ 9.2850e-03,  1.7990e-02, -8.4457e-03,  ...,  8.6355e-04,
           │    │                       -4.5509e-03,  3.3569e-03],
           │    │                      [ 4.7559e-...
           │    └ <function Module._call_impl at 0x742782e725c0>
           └ DebertaV2Layer(
               (attention): DebertaV2Attention(
                 (self): DisentangledSelfAttention(
                   (query_proj): Linear(in_featu...
  File "/ai-inventor/aii_data/runs/run_FVi3e3O9CH5I/3_invention_loop/iter_4/gen_art/gen_art_experiment_15/.venv/lib/python3.12/site-packages/torch/nn/modules/module.py", line 1794, in _call_impl
    return forward_call(*args, **kwargs)
           │             │       └ {'query_states': None, 'relative_pos': tensor([[[   0,   -1,   -2,  ..., -119, -120, -121],
           │             │                  [   1,    0,   -1,  ...,...
           │             └ (tensor([[[ 9.2850e-03,  1.7990e-02, -8.4457e-03,  ...,  8.6355e-04,
           │                         -4.5509e-03,  3.3569e-03],
           │                        [ 4.7559e-...
           └ <bound method DebertaV2Layer.forward of DebertaV2Layer(
               (attention): DebertaV2Attention(
                 (self): DisentangledSelfAttent...
  File "/ai-inventor/aii_data/runs/run_FVi3e3O9CH5I/3_invention_loop/iter_4/gen_art/gen_art_experiment_15/.venv/lib/python3.12/site-packages/transformers/models/deberta_v2/modeling_deberta_v2.py", line 436, in forward
    attention_output, att_matrix = self.attention(
                                   └ DebertaV2Layer(
                                       (attention): DebertaV2Attention(
                                         (self): DisentangledSelfAttention(
                                           (query_proj): Linear(in_featu...
  File "/ai-inventor/aii_data/runs/run_FVi3e3O9CH5I/3_invention_loop/iter_4/gen_art/gen_art_experiment_15/.venv/lib/python3.12/site-packages/torch/nn/modules/module.py", line 1783, in _wrapped_call_impl
    return self._call_impl(*args, **kwargs)
           │    │           │       └ {'output_attentions': False, 'query_states': None, 'relative_pos': tensor([[[   0,   -1,   -2,  ..., -119, -120, -121],
           │    │           │              ...
           │    │           └ (tensor([[[ 9.2850e-03,  1.7990e-02, -8.4457e-03,  ...,  8.6355e-04,
           │    │                       -4.5509e-03,  3.3569e-03],
           │    │                      [ 4.7559e-...
           │    └ <function Module._call_impl at 0x742782e725c0>
           └ DebertaV2Attention(
               (self): DisentangledSelfAttention(
                 (query_proj): Linear(in_features=768, out_features=768, bias=Tru...
  File "/ai-inventor/aii_data/runs/run_FVi3e3O9CH5I/3_invention_loop/iter_4/gen_art/gen_art_experiment_15/.venv/lib/python3.12/site-packages/torch/nn/modules/module.py", line 1794, in _call_impl
    return forward_call(*args, **kwargs)
           │             │       └ {'output_attentions': False, 'query_states': None, 'relative_pos': tensor([[[   0,   -1,   -2,  ..., -119, -120, -121],
           │             │              ...
           │             └ (tensor([[[ 9.2850e-03,  1.7990e-02, -8.4457e-03,  ...,  8.6355e-04,
           │                         -4.5509e-03,  3.3569e-03],
           │                        [ 4.7559e-...
           └ <bound method DebertaV2Attention.forward of DebertaV2Attention(
               (self): DisentangledSelfAttention(
                 (query_proj): Linear...
  File "/ai-inventor/aii_data/runs/run_FVi3e3O9CH5I/3_invention_loop/iter_4/gen_art/gen_art_experiment_15/.venv/lib/python3.12/site-packages/transformers/models/deberta_v2/modeling_deberta_v2.py", line 369, in forward
    self_output, att_matrix = self.self(
                              └ DebertaV2Attention(
                                  (self): DisentangledSelfAttention(
                                    (query_proj): Linear(in_features=768, out_features=768, bias=Tru...
  File "/ai-inventor/aii_data/runs/run_FVi3e3O9CH5I/3_invention_loop/iter_4/gen_art/gen_art_experiment_15/.venv/lib/python3.12/site-packages/torch/nn/modules/module.py", line 1783, in _wrapped_call_impl
    return self._call_impl(*args, **kwargs)
           │    │           │       └ {'query_states': None, 'relative_pos': tensor([[[   0,   -1,   -2,  ..., -119, -120, -121],
           │    │           │                  [   1,    0,   -1,  ...,...
           │    │           └ (tensor([[[ 9.2850e-03,  1.7990e-02, -8.4457e-03,  ...,  8.6355e-04,
           │    │                       -4.5509e-03,  3.3569e-03],
           │    │                      [ 4.7559e-...
           │    └ <function Module._call_impl at 0x742782e725c0>
           └ DisentangledSelfAttention(
               (query_proj): Linear(in_features=768, out_features=768, bias=True)
               (key_proj): Linear(in_featu...
  File "/ai-inventor/aii_data/runs/run_FVi3e3O9CH5I/3_invention_loop/iter_4/gen_art/gen_art_experiment_15/.venv/lib/python3.12/site-packages/torch/nn/modules/module.py", line 1794, in _call_impl
    return forward_call(*args, **kwargs)
           │             │       └ {'query_states': None, 'relative_pos': tensor([[[   0,   -1,   -2,  ..., -119, -120, -121],
           │             │                  [   1,    0,   -1,  ...,...
           │             └ (tensor([[[ 9.2850e-03,  1.7990e-02, -8.4457e-03,  ...,  8.6355e-04,
           │                         -4.5509e-03,  3.3569e-03],
           │                        [ 4.7559e-...
           └ <bound method DisentangledSelfAttention.forward of DisentangledSelfAttention(
               (query_proj): Linear(in_features=768, out_fea...
  File "/ai-inventor/aii_data/runs/run_FVi3e3O9CH5I/3_invention_loop/iter_4/gen_art/gen_art_experiment_15/.venv/lib/python3.12/site-packages/transformers/models/deberta_v2/modeling_deberta_v2.py", line 250, in forward
    rel_att = self.disentangled_attention_bias(
              │    └ <function DisentangledSelfAttention.disentangled_attention_bias at 0x7426e5dc14e0>
              └ DisentangledSelfAttention(
                  (query_proj): Linear(in_features=768, out_features=768, bias=True)
                  (key_proj): Linear(in_featu...
  File "/ai-inventor/aii_data/runs/run_FVi3e3O9CH5I/3_invention_loop/iter_4/gen_art/gen_art_experiment_15/.venv/lib/python3.12/site-packages/transformers/models/deberta_v2/modeling_deberta_v2.py", line 341, in disentangled_attention_bias
    p2c_att = torch.bmm(key_layer, pos_query_layer.transpose(-1, -2))
              │     │   │          │               └ <method 'transpose' of 'torch._C.TensorBase' objects>
              │     │   │          └ tensor([[[-5.6494e-01,  1.3147e-01, -1.1143e+00,  ..., -5.1855e-01,
              │     │   │                      -1.9312e-01,  7.6855e-01],
              │     │   │                     [-4.3677e-0...
              │     │   └ tensor([[[-4.3213e-01, -5.5176e-01, -2.2852e+00,  ..., -1.6006e+00,
              │     │                1.1963e-01, -2.9907e-01],
              │     │              [ 2.5293e+0...
              │     └ <built-in method bmm of type object at 0x7427b56a5640>
              └ <module 'torch' from '/ai-inventor/aii_data/runs/run_FVi3e3O9CH5I/3_invention_loop/iter_4/gen_art/gen_art_experiment_15/.venv...
  File "/ai-inventor/aii_data/runs/run_FVi3e3O9CH5I/3_invention_loop/iter_4/gen_art/gen_art_experiment_15/.venv/lib/python3.12/site-packages/torch/_native/registry.py", line 958, in eager_router
    return _fallback.call_boxed(keyset, *args, **kwargs)
           │         │          │        │       └ {}
           │         │          │        └ (tensor([[[-4.3213e-01, -5.5176e-01, -2.2852e+00,  ..., -1.6006e+00,
           │         │          │                     1.1963e-01, -2.9907e-01],
           │         │          │                   [ 2.5293e+...
           │         │          └ DispatchKeySet(CUDA)
           │         └ <instancemethod call_boxed at 0x74283d4d3f40>
           └ SafeKernelFunction(debug='registered at /__w/pytorch/pytorch/build/aten/src/ATen/RegisterCUDA_0.cpp:5361')

torch.OutOfMemoryError: CUDA out of memory. Tried to allocate 46.00 MiB. GPU 0 has a total capacity of 22.03 GiB of which 9.94 MiB is free. Process 16208 has 21.05 GiB memory in use. Including non-PyTorch memory, this process has 988.00 MiB memory in use. Of the allocated memory 685.36 MiB is allocated by PyTorch, and 70.64 MiB is reserved by PyTorch but unallocated. If reserved but unallocated memory is large try setting PYTORCH_CUDA_ALLOC_CONF=expandable_segments:True to avoid fragmentation.  See documentation for Memory Management  (https://docs.pytorch.org/docs/stable/notes/cuda.html#optimizing-memory-usage-with-pytorch-cuda-alloc-conf)
Traceback (most recent call last):
  File "/ai-inventor/aii_data/runs/run_FVi3e3O9CH5I/3_invention_loop/iter_4/gen_art/gen_art_experiment_15/src/judge_local.py", line 122, in <module>
    main()
  File "/ai-inventor/aii_data/runs/run_FVi3e3O9CH5I/3_invention_loop/iter_4/gen_art/gen_art_experiment_15/.venv/lib/python3.12/site-packages/loguru/_logger.py", line 1297, in catch_wrapper
    return function(*args, **kwargs)
           ^^^^^^^^^^^^^^^^^^^^^^^^^
  File "/ai-inventor/aii_data/runs/run_FVi3e3O9CH5I/3_invention_loop/iter_4/gen_art/gen_art_experiment_15/src/judge_local.py", line 114, in main
    n = label(model, tok, sha, rows, OUT)
        ^^^^^^^^^^^^^^^^^^^^^^^^^^^^^^^^^
  File "/ai-inventor/aii_data/runs/run_FVi3e3O9CH5I/3_invention_loop/iter_4/gen_art/gen_art_experiment_15/src/judge_local.py", line 83, in label
    pr = predict(model, tok, [r[resp_key] for r in ch], [r[req_key] for r in ch])
         ^^^^^^^^^^^^^^^^^^^^^^^^^^^^^^^^^^^^^^^^^^^^^^^^^^^^^^^^^^^^^^^^^^^^^^^^
  File "/ai-inventor/aii_data/runs/run_FVi3e3O9CH5I/3_invention_loop/iter_4/gen_art/gen_art_experiment_15/.venv/lib/python3.12/site-packages/torch/utils/_contextlib.py", line 124, in decorate_context
    return func(*args, **kwargs)
           ^^^^^^^^^^^^^^^^^^^^^
  File "/ai-inventor/aii_data/runs/run_FVi3e3O9CH5I/3_invention_loop/iter_4/gen_art/gen_art_experiment_15/src/judge_local.py", line 73, in predict
    out[idx] = torch.softmax(model(**enc).logits.float(), -1).cpu().numpy()
                             ^^^^^^^^^^^^
  File "/ai-inventor/aii_data/runs/run_FVi3e3O9CH5I/3_invention_loop/iter_4/gen_art/gen_art_experiment_15/.venv/lib/python3.12/site-packages/torch/nn/modules/module.py", line 1783, in _wrapped_call_impl
    return self._call_impl(*args, **kwargs)
           ^^^^^^^^^^^^^^^^^^^^^^^^^^^^^^^^
  File "/ai-inventor/aii_data/runs/run_FVi3e3O9CH5I/3_invention_loop/iter_4/gen_art/gen_art_experiment_15/.venv/lib/python3.12/site-packages/torch/nn/modules/module.py", line 1794, in _call_impl
    return forward_call(*args, **kwargs)
           ^^^^^^^^^^^^^^^^^^^^^^^^^^^^^
  File "/ai-inventor/aii_data/runs/run_FVi3e3O9CH5I/3_invention_loop/iter_4/gen_art/gen_art_experiment_15/.venv/lib/python3.12/site-packages/transformers/models/deberta_v2/modeling_deberta_v2.py", line 1077, in forward
    outputs = self.deberta(
              ^^^^^^^^^^^^^
  File "/ai-inventor/aii_data/runs/run_FVi3e3O9CH5I/3_invention_loop/iter_4/gen_art/gen_art_experiment_15/.venv/lib/python3.12/site-packages/torch/nn/modules/module.py", line 1783, in _wrapped_call_impl
    return self._call_impl(*args, **kwargs)
           ^^^^^^^^^^^^^^^^^^^^^^^^^^^^^^^^
  File "/ai-inventor/aii_data/runs/run_FVi3e3O9CH5I/3_invention_loop/iter_4/gen_art/gen_art_experiment_15/.venv/lib/python3.12/site-packages/torch/nn/modules/module.py", line 1794, in _call_impl
    return forward_call(*args, **kwargs)
           ^^^^^^^^^^^^^^^^^^^^^^^^^^^^^
  File "/ai-inventor/aii_data/runs/run_FVi3e3O9CH5I/3_invention_loop/iter_4/gen_art/gen_art_experiment_15/.venv/lib/python3.12/site-packages/transformers/models/deberta_v2/modeling_deberta_v2.py", line 784, in forward
    encoder_outputs = self.encoder(
                      ^^^^^^^^^^^^^
  File "/ai-inventor/aii_data/runs/run_FVi3e3O9CH5I/3_invention_loop/iter_4/gen_art/gen_art_experiment_15/.venv/lib/python3.12/site-packages/torch/nn/modules/module.py", line 1783, in _wrapped_call_impl
    return self._call_impl(*args, **kwargs)
           ^^^^^^^^^^^^^^^^^^^^^^^^^^^^^^^^
  File "/ai-inventor/aii_data/runs/run_FVi3e3O9CH5I/3_invention_loop/iter_4/gen_art/gen_art_experiment_15/.venv/lib/python3.12/site-packages/torch/nn/modules/module.py", line 1794, in _call_impl
    return forward_call(*args, **kwargs)
           ^^^^^^^^^^^^^^^^^^^^^^^^^^^^^
  File "/ai-inventor/aii_data/runs/run_FVi3e3O9CH5I/3_invention_loop/iter_4/gen_art/gen_art_experiment_15/.venv/lib/python3.12/site-packages/transformers/models/deberta_v2/modeling_deberta_v2.py", line 657, in forward
    output_states, attn_weights = layer_module(
                                  ^^^^^^^^^^^^^
  File "/ai-inventor/aii_data/runs/run_FVi3e3O9CH5I/3_invention_loop/iter_4/gen_art/gen_art_experiment_15/.venv/lib/python3.12/site-packages/transformers/modeling_layers.py", line 94, in __call__
    return super().__call__(*args, **kwargs)
           ^^^^^^^^^^^^^^^^^^^^^^^^^^^^^^^^^
  File "/ai-inventor/aii_data/runs/run_FVi3e3O9CH5I/3_invention_loop/iter_4/gen_art/gen_art_experiment_15/.venv/lib/python3.12/site-packages/torch/nn/modules/module.py", line 1783, in _wrapped_call_impl
    return self._call_impl(*args, **kwargs)
           ^^^^^^^^^^^^^^^^^^^^^^^^^^^^^^^^
  File "/ai-inventor/aii_data/runs/run_FVi3e3O9CH5I/3_invention_loop/iter_4/gen_art/gen_art_experiment_15/.venv/lib/python3.12/site-packages/torch/nn/modules/module.py", line 1794, in _call_impl
    return forward_call(*args, **kwargs)
           ^^^^^^^^^^^^^^^^^^^^^^^^^^^^^
  File "/ai-inventor/aii_data/runs/run_FVi3e3O9CH5I/3_invention_loop/iter_4/gen_art/gen_art_experiment_15/.venv/lib/python3.12/site-packages/transformers/models/deberta_v2/modeling_deberta_v2.py", line 436, in forward
    attention_output, att_matrix = self.attention(
                                   ^^^^^^^^^^^^^^^
  File "/ai-inventor/aii_data/runs/run_FVi3e3O9CH5I/3_invention_loop/iter_4/gen_art/gen_art_experiment_15/.venv/lib/python3.12/site-packages/torch/nn/modules/module.py", line 1783, in _wrapped_call_impl
    return self._call_impl(*args, **kwargs)
           ^^^^^^^^^^^^^^^^^^^^^^^^^^^^^^^^
  File "/ai-inventor/aii_data/runs/run_FVi3e3O9CH5I/3_invention_loop/iter_4/gen_art/gen_art_experiment_15/.venv/lib/python3.12/site-packages/torch/nn/modules/module.py", line 1794, in _call_impl
    return forward_call(*args, **kwargs)
           ^^^^^^^^^^^^^^^^^^^^^^^^^^^^^
  File "/ai-inventor/aii_data/runs/run_FVi3e3O9CH5I/3_invention_loop/iter_4/gen_art/gen_art_experiment_15/.venv/lib/python3.12/site-packages/transformers/models/deberta_v2/modeling_deberta_v2.py", line 369, in forward
    self_output, att_matrix = self.self(
                              ^^^^^^^^^^
  File "/ai-inventor/aii_data/runs/run_FVi3e3O9CH5I/3_invention_loop/iter_4/gen_art/gen_art_experiment_15/.venv/lib/python3.12/site-packages/torch/nn/modules/module.py", line 1783, in _wrapped_call_impl
    return self._call_impl(*args, **kwargs)
           ^^^^^^^^^^^^^^^^^^^^^^^^^^^^^^^^
  File "/ai-inventor/aii_data/runs/run_FVi3e3O9CH5I/3_invention_loop/iter_4/gen_art/gen_art_experiment_15/.venv/lib/python3.12/site-packages/torch/nn/modules/module.py", line 1794, in _call_impl
    return forward_call(*args, **kwargs)
           ^^^^^^^^^^^^^^^^^^^^^^^^^^^^^
  File "/ai-inventor/aii_data/runs/run_FVi3e3O9CH5I/3_invention_loop/iter_4/gen_art/gen_art_experiment_15/.venv/lib/python3.12/site-packages/transformers/models/deberta_v2/modeling_deberta_v2.py", line 250, in forward
    rel_att = self.disentangled_attention_bias(
              ^^^^^^^^^^^^^^^^^^^^^^^^^^^^^^^^^
  File "/ai-inventor/aii_data/runs/run_FVi3e3O9CH5I/3_invention_loop/iter_4/gen_art/gen_art_experiment_15/.venv/lib/python3.12/site-packages/transformers/models/deberta_v2/modeling_deberta_v2.py", line 341, in disentangled_attention_bias
    p2c_att = torch.bmm(key_layer, pos_query_layer.transpose(-1, -2))
              ^^^^^^^^^^^^^^^^^^^^^^^^^^^^^^^^^^^^^^^^^^^^^^^^^^^^^^^
  File "/ai-inventor/aii_data/runs/run_FVi3e3O9CH5I/3_invention_loop/iter_4/gen_art/gen_art_experiment_15/.venv/lib/python3.12/site-packages/torch/_native/registry.py", line 958, in eager_router
    return _fallback.call_boxed(keyset, *args, **kwargs)
           ^^^^^^^^^^^^^^^^^^^^^^^^^^^^^^^^^^^^^^^^^^^^^
torch.OutOfMemoryError: CUDA out of memory. Tried to allocate 46.00 MiB. GPU 0 has a total capacity of 22.03 GiB of which 9.94 MiB is free. Process 16208 has 21.05 GiB memory in use. Including non-PyTorch memory, this process has 988.00 MiB memory in use. Of the allocated memory 685.36 MiB is allocated by PyTorch, and 70.64 MiB is reserved by PyTorch but unallocated. If reserved but unallocated memory is large try setting PYTORCH_CUDA_ALLOC_CONF=expandable_segments:True to avoid fragmentation.  See documentation for Memory Management  (https://docs.pytorch.org/docs/stable/notes/cuda.html#optimizing-memory-usage-with-pytorch-cuda-alloc-conf)
