/ai-inventor/aii_data/runs/run_FVi3e3O9CH5I/3_invention_loop/iter_1/gen_art/gen_art_experiment_3/.venv/lib/python3.12/site-packages/transformers/utils/hub.py:111: FutureWarning: Using `TRANSFORMERS_CACHE` is deprecated and will be removed in v5 of Transformers. Use `HF_HOME` instead.
  warnings.warn(
`torch_dtype` is deprecated! Use `dtype` instead!
Loading checkpoint shards:   0%|          | 0/5 [00:00<?, ?it/s]Loading checkpoint shards:  20%|██        | 1/5 [00:09<00:37,  9.42s/it]Loading checkpoint shards:  40%|████      | 2/5 [00:19<00:28,  9.52s/it]Loading checkpoint shards:  60%|██████    | 3/5 [00:28<00:18,  9.49s/it]Loading checkpoint shards:  80%|████████  | 4/5 [00:37<00:09,  9.49s/it]Loading checkpoint shards: 100%|██████████| 5/5 [00:45<00:00,  8.77s/it]Loading checkpoint shards: 100%|██████████| 5/5 [00:45<00:00,  9.09s/it]
The following generation flags are not valid and may be ignored: ['temperature', 'top_p', 'top_k']. Set `TRANSFORMERS_VERBOSITY=info` for more details.
14:59:41|INFO   |loaded gams (Gemma3ForCausalLM, backbone=model, quant=nf4, attn=sdpa) in 61s; mem=7.6GB; stop={1, 106}
15:00:34|INFO   |G3a-d captures done in 54s
15:03:48|INFO   |[construct200-C0] 400 prompts, max_new=64, s=True: 164s
15:04:17|INFO   |[MC-a_late-original-id] 80 prompts, max_new=96, s=False: 29s
15:04:33|INFO   |[MC-a_late-original-harmless] 60 prompts, max_new=64, s=False: 16s
15:05:02|INFO   |[MC-a_late-persona_late-id] 80 prompts, max_new=96, s=False: 29s
15:05:57|INFO   |[MC-a_late-persona_late-harm] 80 prompts, max_new=64, s=True: 54s
15:06:13|INFO   |[MC-a_late-persona_late-harmless] 60 prompts, max_new=64, s=False: 16s
15:06:42|INFO   |[MC-a_late-persona_early-id] 80 prompts, max_new=96, s=False: 29s
15:07:36|INFO   |[MC-a_late-persona_early-harm] 80 prompts, max_new=64, s=True: 54s
15:07:52|INFO   |[MC-a_late-persona_early-harmless] 60 prompts, max_new=64, s=False: 16s
15:08:21|INFO   |[MC-a_late-iso1_late-id] 80 prompts, max_new=96, s=False: 29s
15:09:15|INFO   |[MC-a_late-iso1_late-harm] 80 prompts, max_new=64, s=True: 54s
15:09:32|INFO   |[MC-a_late-iso1_late-harmless] 60 prompts, max_new=64, s=False: 16s
15:10:01|INFO   |[MC-a_late-var1_late-id] 80 prompts, max_new=96, s=False: 29s
15:10:55|INFO   |[MC-a_late-var1_late-harm] 80 prompts, max_new=64, s=True: 54s
15:11:11|INFO   |[MC-a_late-var1_late-harmless] 60 prompts, max_new=64, s=False: 16s
15:11:11|INFO   |MC a_late: PASS=False {'qualifying_langs': ['en', 'sl'], 'i_name_drop_ge50pct': True, 'ii_random_keeps_ge80pct': False, 'iii_en_refusal_within_10pp': False, 'iv_harmless_coherent': False}
15:11:40|INFO   |[MC-b_late-original-id] 80 prompts, max_new=96, s=False: 29s
15:11:56|INFO   |[MC-b_late-original-harmless] 60 prompts, max_new=64, s=False: 16s
15:12:25|INFO   |[MC-b_late-persona_late-id] 80 prompts, max_new=96, s=False: 29s
