/ai-inventor/aii_data/runs/run_FVi3e3O9CH5I/3_invention_loop/iter_2/gen_art/gen_art_experiment_6/.venv/lib/python3.12/site-packages/transformers/utils/hub.py:111: FutureWarning: Using `TRANSFORMERS_CACHE` is deprecated and will be removed in v5 of Transformers. Use `HF_HOME` instead.
  warnings.warn(
`torch_dtype` is deprecated! Use `dtype` instead!
Loading checkpoint shards:   0%|          | 0/5 [00:00<?, ?it/s]Loading checkpoint shards:  20%|██        | 1/5 [00:06<00:27,  6.86s/it]Loading checkpoint shards:  40%|████      | 2/5 [00:14<00:21,  7.10s/it]Loading checkpoint shards:  60%|██████    | 3/5 [00:21<00:14,  7.20s/it]Loading checkpoint shards:  80%|████████  | 4/5 [00:28<00:07,  7.08s/it]Loading checkpoint shards: 100%|██████████| 5/5 [00:34<00:00,  6.61s/it]Loading checkpoint shards: 100%|██████████| 5/5 [00:34<00:00,  6.82s/it]
The following generation flags are not valid and may be ignored: ['temperature', 'top_p', 'top_k']. Set `TRANSFORMERS_VERBOSITY=info` for more details.
22:23:30|INFO   |loaded gams3_it (Gemma3ForCausalLM, backbone=model) in 45s; mem=7.6GB; stop=[1, 106]
22:23:30|INFO   |[time] load: 44.5s
22:23:30|INFO   |prefixes: P|3|en='Sure, here'(3t); P|5|en='Sure, here is a'(5t); P|10|en='Sure, here is a detailed step-by-'(10t); P|20|en='Sure, here is a detailed step-by-step answer:\n\nStep 1: First,'(20t); P|full|en='Sure, here is a detailed step-by-step answer:'(13t); N|5|en='Let me think about this'(5t); N|full|en='Let me think about this request.'(7t); T2|full|en='Certainly! Here is how you can do it:'(10t); T3|full|en='Absolutely, I can help with that. Here are the details:'(13t); none|0|en=''(0t); P|3|sl='Seveda,'(3t); P|5|sl='Seveda, tukaj'(5t); P|10|sl='Seveda, tukaj je podroben odgovor po'(10t); P|20|sl='Seveda, tukaj je podroben odgovor po korakih:\n\nKorak 1:'(20t); P|full|sl='Seveda, tukaj je podroben odgovor po korakih:'(14t); N|5|sl='Naj razmislim o'(5t); N|full|sl='Naj razmislim o tej prošnji.'(9t); T2|full|sl='Seveda! Tukaj je, kako lahko to storite:'(13t); T3|full|sl='Vsekakor, pri tem vam lahko pomagam. Tukaj so podrobnosti:'(18t); none|0|sl=''(0t)
22:23:31|INFO   |[final-A] 4800 jobs, 4800 to do -> final_gen.jsonl
22:23:55|INFO   |[final-A] batch 1/76 bs=37 T=449 22.2s | 37/4800 rows, 1.59 rows/s, eta 49.8 min
22:25:33|INFO   |[final-A] batch 6/76 bs=64 T=195 19.2s | 332/4800 rows, 2.73 rows/s, eta 27.2 min
22:27:05|INFO   |[final-A] batch 11/76 bs=64 T=162 17.8s | 652/4800 rows, 3.05 rows/s, eta 22.6 min
22:28:32|INFO   |[final-A] batch 16/76 bs=64 T=144 17.1s | 972/4800 rows, 3.24 rows/s, eta 19.7 min
22:29:55|INFO   |[final-A] batch 21/76 bs=64 T=129 16.3s | 1292/4800 rows, 3.37 rows/s, eta 17.4 min
22:31:16|INFO   |[final-A] batch 26/76 bs=64 T=119 15.9s | 1612/4800 rows, 3.47 rows/s, eta 15.3 min
22:32:34|INFO   |[final-A] batch 31/76 bs=64 T=109 15.4s | 1932/4800 rows, 3.56 rows/s, eta 13.4 min
22:33:50|INFO   |[final-A] batch 36/76 bs=64 T=100 15.0s | 2252/4800 rows, 3.64 rows/s, eta 11.7 min
22:35:05|INFO   |[final-A] batch 41/76 bs=64 T=92 14.9s | 2572/4800 rows, 3.71 rows/s, eta 10.0 min
22:36:18|INFO   |[final-A] batch 46/76 bs=64 T=86 14.4s | 2892/4800 rows, 3.77 rows/s, eta 8.4 min
22:37:30|INFO   |[final-A] batch 51/76 bs=64 T=80 14.1s | 3212/4800 rows, 3.83 rows/s, eta 6.9 min
22:38:40|INFO   |[final-A] batch 56/76 bs=64 T=74 13.8s | 3532/4800 rows, 3.89 rows/s, eta 5.4 min
