Loading checkpoint shards:   0%|          | 0/5 [00:00<?, ?it/s]Loading checkpoint shards:  20%|██        | 1/5 [00:08<00:32,  8.24s/it]Loading checkpoint shards:  40%|████      | 2/5 [00:17<00:25,  8.61s/it]Loading checkpoint shards:  60%|██████    | 3/5 [00:26<00:17,  8.94s/it]Loading checkpoint shards:  80%|████████  | 4/5 [00:35<00:08,  8.79s/it]Loading checkpoint shards: 100%|██████████| 5/5 [00:41<00:00,  7.97s/it]Loading checkpoint shards: 100%|██████████| 5/5 [00:41<00:00,  8.30s/it]
The following generation flags are not valid and may be ignored: ['temperature', 'top_p', 'top_k']. Set `TRANSFORMERS_VERBOSITY=info` for more details.
20:33:00|INFO   |loaded gams3_it {'arch': 'Gemma3ForCausalLM', 'load_s': 62.5, 'vram_gb': 7.57, 'native_triton': 'deregistered', 'torch': '2.14.0+cu130', 'repo': 'cjvt/GaMS3-12B-Instruct', 'revision': '1d0b27af5748784482600d24779409e7e1dc9adc', 'template_sha1': '3f7731dd04d6fb3e41478bea860489dac5c6115c', 'gemma_template_sha1': '3f7731dd04d6fb3e41478bea860489dac5c6115c', 'template_override_to_gemma': False}
20:33:00|INFO   |adapter attached {'adapter_dir': '/ai-inventor/aii_data/runs/run_FVi3e3O9CH5I/3_invention_loop/iter_3/gen_art/gen_art_experiment_9/selected/gams3_it/adapter', 'adapter_sha1': '198f1ee6d1a5600f069af9a526da952201b5d175', 'adapter_sha256': '4df160b152ade266e97a41b1012303bfecf0463f5030e5af4f33375893f234e7', 'n_tensors': 192, 'n_lora_modules': 96, 'impl': 'forward hooks, bf16, scaling = lambda', 'which': 'real', 'peft_version_of_adapter': '0.21.0'}
20:33:01|INFO   |adapter attached {'adapter_dir': '/ai-inventor/aii_data/runs/run_FVi3e3O9CH5I/3_invention_loop/iter_3/gen_art/gen_art_experiment_9/adapters/gams3_it/rand_1', 'adapter_sha1': '70f2722bab0e18107268d25bfe145a880035d224', 'adapter_sha256': 'bcffd8cb6232c431c4f4247468a95f5b1590fbc82b2c45269e7216557fe9d4c3', 'n_tensors': 192, 'n_lora_modules': 96, 'impl': 'forward hooks, bf16, scaling = lambda', 'which': 'rand', 'peft_version_of_adapter': '0.21.0'}
20:33:03|INFO   |adapter attached {'adapter_dir': '/ai-inventor/aii_data/runs/run_FVi3e3O9CH5I/3_invention_loop/iter_3/gen_art/gen_art_experiment_9/selected/gams3_it/adapter', 'adapter_sha1': '198f1ee6d1a5600f069af9a526da952201b5d175', 'adapter_sha256': '4df160b152ade266e97a41b1012303bfecf0463f5030e5af4f33375893f234e7', 'n_tensors': 192, 'n_lora_modules': 96, 'impl': 'forward hooks, bf16, scaling = lambda', 'which': 'real', 'peft_version_of_adapter': '0.21.0'}
20:33:03|INFO   |adapter attached {'adapter_dir': '/ai-inventor/aii_data/runs/run_FVi3e3O9CH5I/3_invention_loop/iter_3/gen_art/gen_art_experiment_9/selected/gams3_it/adapter', 'adapter_sha1': '198f1ee6d1a5600f069af9a526da952201b5d175', 'adapter_sha256': '4df160b152ade266e97a41b1012303bfecf0463f5030e5af4f33375893f234e7', 'n_tensors': 192, 'n_lora_modules': 96, 'impl': 'forward hooks, bf16, scaling = lambda', 'which': 'real', 'peft_version_of_adapter': '0.21.0'}
20:33:04|INFO   |adapter attached {'adapter_dir': '/ai-inventor/aii_data/runs/run_FVi3e3O9CH5I/3_invention_loop/iter_3/gen_art/gen_art_experiment_9/selected/gams3_it/adapter', 'adapter_sha1': '198f1ee6d1a5600f069af9a526da952201b5d175', 'adapter_sha256': '4df160b152ade266e97a41b1012303bfecf0463f5030e5af4f33375893f234e7', 'n_tensors': 192, 'n_lora_modules': 96, 'impl': 'forward hooks, bf16, scaling = lambda', 'which': 'real', 'peft_version_of_adapter': '0.21.0'}
20:33:04|INFO   |adapter attached {'adapter_dir': '/ai-inventor/aii_data/runs/run_FVi3e3O9CH5I/3_invention_loop/iter_3/gen_art/gen_art_experiment_9/selected/gams3_it/adapter', 'adapter_sha1': '198f1ee6d1a5600f069af9a526da952201b5d175', 'adapter_sha256': '4df160b152ade266e97a41b1012303bfecf0463f5030e5af4f33375893f234e7', 'n_tensors': 192, 'n_lora_modules': 96, 'impl': 'forward hooks, bf16, scaling = lambda', 'which': 'real', 'peft_version_of_adapter': '0.21.0'}
20:33:04|INFO   |adapter attached {'adapter_dir': '/ai-inventor/aii_data/runs/run_FVi3e3O9CH5I/3_invention_loop/iter_3/gen_art/gen_art_experiment_9/selected/gams3_it/adapter', 'adapter_sha1': '198f1ee6d1a5600f069af9a526da952201b5d175', 'adapter_sha256': '4df160b152ade266e97a41b1012303bfecf0463f5030e5af4f33375893f234e7', 'n_tensors': 192, 'n_lora_modules': 96, 'impl': 'forward hooks, bf16, scaling = lambda', 'which': 'real', 'peft_version_of_adapter': '0.21.0'}
20:33:05|INFO   |adapter attached {'adapter_dir': '/ai-inventor/aii_data/runs/run_FVi3e3O9CH5I/3_invention_loop/iter_3/gen_art/gen_art_experiment_9/selected/gams3_it/adapter', 'adapter_sha1': '198f1ee6d1a5600f069af9a526da952201b5d175', 'adapter_sha256': '4df160b152ade266e97a41b1012303bfecf0463f5030e5af4f33375893f234e7', 'n_tensors': 192, 'n_lora_modules': 96, 'impl': 'forward hooks, bf16, scaling = lambda', 'which': 'real', 'peft_version_of_adapter': '0.21.0'}
20:33:05|INFO   |adapter attached {'adapter_dir': '/ai-inventor/aii_data/runs/run_FVi3e3O9CH5I/3_invention_loop/iter_3/gen_art/gen_art_experiment_9/selected/gams3_it/adapter', 'adapter_sha1': '198f1ee6d1a5600f069af9a526da952201b5d175', 'adapter_sha256': '4df160b152ade266e97a41b1012303bfecf0463f5030e5af4f33375893f234e7', 'n_tensors': 192, 'n_lora_modules': 96, 'impl': 'forward hooks, bf16, scaling = lambda', 'which': 'real', 'peft_version_of_adapter': '0.21.0'}
20:33:06|INFO   |adapter attached {'adapter_dir': '/ai-inventor/aii_data/runs/run_FVi3e3O9CH5I/3_invention_loop/iter_3/gen_art/gen_art_experiment_9/selected/gams3_it/adapter', 'adapter_sha1': '198f1ee6d1a5600f069af9a526da952201b5d175', 'adapter_sha256': '4df160b152ade266e97a41b1012303bfecf0463f5030e5af4f33375893f234e7', 'n_tensors': 192, 'n_lora_modules': 96, 'impl': 'forward hooks, bf16, scaling = lambda', 'which': 'real', 'peft_version_of_adapter': '0.21.0'}
20:33:06|INFO   |hook check {'lam0_vs_nohook_maxabs': 0.0, 'lam1_vs_nohook_maxabs_mean': 9.405029296875, 'n': 8}
20:33:06|INFO   |[mini] gams3_it: 144 to generate (0 done)
20:33:53|INFO   |[mini] edit lam=0 72/144 48s (1.51/s) degen 0.000 ETA 0.8 min
20:34:41|INFO   |[mini] edit lam=1 144/144 95s (1.51/s) degen 0.000 ETA 0.0 min
20:35:09|INFO   |ladder bs=48: {'s': 27.3, 'rate': 1.76, 'peak_gb': 11.6}
20:35:55|INFO   |ladder bs=96: {'s': 46.3, 'rate': 2.07, 'peak_gb': 15.8}
20:36:08|INFO   |adapter attached {'adapter_dir': '/ai-inventor/aii_data/runs/run_FVi3e3O9CH5I/3_invention_loop/iter_3/gen_art/gen_art_experiment_9/adapters/gams3_it/rand_1', 'adapter_sha1': '70f2722bab0e18107268d25bfe145a880035d224', 'adapter_sha256': 'bcffd8cb6232c431c4f4247468a95f5b1590fbc82b2c45269e7216557fe9d4c3', 'n_tensors': 192, 'n_lora_modules': 96, 'impl': 'forward hooks, bf16, scaling = lambda', 'which': 'rand', 'peft_version_of_adapter': '0.21.0'}
20:36:08|INFO   |[dev] gams3_it: 540 to generate (0 done)
20:36:51|INFO   |[dev] dev lam=0 60/540 43s (1.40/s) degen 0.000 ETA 5.7 min
20:37:34|INFO   |[dev] dev lam=0.5 120/540 86s (1.39/s) degen 0.000 ETA 5.0 min
20:38:19|INFO   |[dev] dev lam=0.75 180/540 132s (1.37/s) degen 0.000 ETA 4.4 min
20:39:03|INFO   |[dev] dev lam=1 240/540 175s (1.37/s) degen 0.000 ETA 3.7 min
20:39:47|INFO   |[dev] dev lam=1.25 300/540 219s (1.37/s) degen 0.000 ETA 2.9 min
20:40:31|INFO   |[dev] dev lam=1.5 360/540 263s (1.37/s) degen 0.000 ETA 2.2 min
20:41:14|INFO   |[dev] dev lam=1.75 420/540 307s (1.37/s) degen 0.000 ETA 1.5 min
20:41:59|INFO   |[dev] dev lam=2 480/540 351s (1.37/s) degen 0.000 ETA 0.7 min
20:42:43|INFO   |[dev] dev lam=2.5 540/540 395s (1.37/s) degen 0.000 ETA 0.0 min
/ai-inventor/aii_data/runs/run_FVi3e3O9CH5I/3_invention_loop/iter_4/gen_art/gen_art_experiment_14/.venv/lib/python3.12/site-packages/torch/jit/_script.py:1491: FutureWarning: `torch.jit.script` is deprecated. Please switch to `torch.compile` or `torch.export`.
  warnings.warn(
20:42:54|INFO   |[dev-mid] gams3_it: 60 to generate (0 done)
20:43:38|INFO   |[dev-mid] dev lam=0.625 60/60 43s (1.38/s) degen 0.000 ETA 0.0 min
20:43:39|INFO   |amendment A2 committed: [master da25e1e] amendment A2: DEV dose scan for gams3_it: lambda_lo=0.5, lambda_hi=0.625 (
 2 files changed, 89 inserti 
20:43:57|INFO   |KL gams3_it: kl_real_en=0.0676, kl_rand_en=0.0011, kl_real_sl=0.0487, kl_rand_sl=0.0014
20:43:57|INFO   |[grid] gams3_it: 8000 to generate (0 done)
20:44:46|INFO   |[grid] edit lam=0 129/8000 49s (2.65/s) degen 0.008 ETA 49.4 min
20:45:28|INFO   |[grid] edit lam=0 255/8000 91s (2.80/s) degen 0.004 ETA 46.1 min
20:46:11|INFO   |[grid] edit lam=0 380/8000 134s (2.84/s) degen 0.005 ETA 44.7 min
20:46:54|INFO   |[grid] edit lam=0 503/8000 177s (2.85/s) degen 0.004 ETA 43.9 min
20:47:37|INFO   |[grid] edit lam=0 624/8000 220s (2.84/s) degen 0.005 ETA 43.3 min
20:48:20|INFO   |[grid] edit lam=0 743/8000 263s (2.82/s) degen 0.005 ETA 42.8 min
20:49:04|INFO   |[grid] edit lam=0 860/8000 307s (2.80/s) degen 0.006 ETA 42.4 min
20:49:47|INFO   |[grid] edit lam=0 976/8000 350s (2.79/s) degen 0.006 ETA 42.0 min
20:50:31|INFO   |[grid] edit lam=0 1091/8000 394s (2.77/s) degen 0.005 ETA 41.6 min
20:51:15|INFO   |[grid] edit lam=0 1205/8000 438s (2.75/s) degen 0.006 ETA 41.2 min
20:52:00|INFO   |[grid] edit lam=0 1317/8000 483s (2.73/s) degen 0.006 ETA 40.8 min
20:52:44|INFO   |[grid] edit lam=0 1428/8000 527s (2.71/s) degen 0.006 ETA 40.4 min
20:53:29|INFO   |[grid] edit lam=0 1538/8000 571s (2.69/s) degen 0.006 ETA 40.0 min
20:54:13|INFO   |[grid] edit lam=0 1647/8000 616s (2.67/s) degen 0.005 ETA 39.6 min
20:54:58|INFO   |[grid] edit lam=0 1755/8000 661s (2.65/s) degen 0.005 ETA 39.2 min
20:55:43|INFO   |[grid] edit lam=0 1861/8000 706s (2.64/s) degen 0.005 ETA 38.8 min
20:56:28|INFO   |[grid] edit lam=0 1966/8000 751s (2.62/s) degen 0.005 ETA 38.4 min
20:57:14|INFO   |[grid] edit lam=0 2070/8000 797s (2.60/s) degen 0.004 ETA 38.0 min
20:58:00|INFO   |[grid] edit lam=0 2172/8000 843s (2.58/s) degen 0.004 ETA 37.7 min
20:58:46|INFO   |[grid] edit lam=0 2272/8000 889s (2.56/s) degen 0.004 ETA 37.3 min
20:59:32|INFO   |[grid] edit lam=0 2369/8000 935s (2.53/s) degen 0.004 ETA 37.0 min
21:00:18|INFO   |[grid] edit lam=0 2462/8000 981s (2.51/s) degen 0.004 ETA 36.8 min
21:01:05|INFO   |[grid] edit lam=0 2550/8000 1028s (2.48/s) degen 0.004 ETA 36.6 min
21:01:53|INFO   |[grid] edit lam=0 2633/8000 1075s (2.45/s) degen 0.005 ETA 36.5 min
21:02:39|INFO   |[grid] edit lam=0 2700/8000 1122s (2.41/s) degen 0.005 ETA 36.7 min
21:03:28|INFO   |[grid] edit lam=0.625 2829/8000 1171s (2.42/s) degen 0.006 ETA 35.7 min
21:04:11|INFO   |[grid] edit lam=0.625 2955/8000 1214s (2.43/s) degen 0.006 ETA 34.5 min
21:04:54|INFO   |[grid] edit lam=0.625 3080/8000 1257s (2.45/s) degen 0.006 ETA 33.5 min
21:05:37|INFO   |[grid] edit lam=0.625 3203/8000 1300s (2.46/s) degen 0.006 ETA 32.5 min
21:06:21|INFO   |[grid] edit lam=0.625 3324/8000 1344s (2.47/s) degen 0.006 ETA 31.5 min
21:07:05|INFO   |[grid] edit lam=0.625 3443/8000 1388s (2.48/s) degen 0.006 ETA 30.6 min
21:07:49|INFO   |[grid] edit lam=0.625 3560/8000 1432s (2.49/s) degen 0.006 ETA 29.8 min
21:08:33|INFO   |[grid] edit lam=0.625 3676/8000 1476s (2.49/s) degen 0.007 ETA 28.9 min
21:09:17|INFO   |[grid] edit lam=0.625 3791/8000 1520s (2.49/s) degen 0.007 ETA 28.1 min
21:10:02|INFO   |[grid] edit lam=0.625 3905/8000 1565s (2.50/s) degen 0.006 ETA 27.3 min
21:10:46|INFO   |[grid] edit lam=0.625 4017/8000 1609s (2.50/s) degen 0.006 ETA 26.6 min
21:11:31|INFO   |[grid] edit lam=0.625 4128/8000 1654s (2.50/s) degen 0.006 ETA 25.9 min
21:12:16|INFO   |[grid] edit lam=0.625 4238/8000 1699s (2.49/s) degen 0.006 ETA 25.1 min
21:13:01|INFO   |[grid] edit lam=0.625 4347/8000 1744s (2.49/s) degen 0.006 ETA 24.4 min
21:13:47|INFO   |[grid] edit lam=0.625 4455/8000 1790s (2.49/s) degen 0.006 ETA 23.7 min
21:14:32|INFO   |[grid] edit lam=0.625 4561/8000 1835s (2.49/s) degen 0.006 ETA 23.1 min
21:15:18|INFO   |[grid] edit lam=0.625 4666/8000 1881s (2.48/s) degen 0.006 ETA 22.4 min
21:16:04|INFO   |[grid] edit lam=0.625 4770/8000 1927s (2.48/s) degen 0.006 ETA 21.7 min
21:16:50|INFO   |[grid] edit lam=0.625 4872/8000 1973s (2.47/s) degen 0.006 ETA 21.1 min
21:17:37|INFO   |[grid] edit lam=0.625 4972/8000 2020s (2.46/s) degen 0.005 ETA 20.5 min
21:18:24|INFO   |[grid] edit lam=0.625 5069/8000 2067s (2.45/s) degen 0.005 ETA 19.9 min
21:19:11|INFO   |[grid] edit lam=0.625 5162/8000 2114s (2.44/s) degen 0.005 ETA 19.4 min
21:19:58|INFO   |[grid] edit lam=0.625 5250/8000 2161s (2.43/s) degen 0.005 ETA 18.9 min
21:20:46|INFO   |[grid] edit lam=0.625 5333/8000 2209s (2.41/s) degen 0.005 ETA 18.4 min
21:21:33|INFO   |[grid] edit lam=0.625 5400/8000 2256s (2.39/s) degen 0.005 ETA 18.1 min
21:22:16|INFO   |[grid] edit lam=0.5 5527/8000 2299s (2.40/s) degen 0.005 ETA 17.1 min
21:22:59|INFO   |[grid] edit lam=0.5 5652/8000 2342s (2.41/s) degen 0.005 ETA 16.2 min
21:23:42|INFO   |[grid] edit lam=0.5 5774/8000 2385s (2.42/s) degen 0.005 ETA 15.3 min
21:24:26|INFO   |[grid] edit lam=0.5 5893/8000 2429s (2.43/s) degen 0.005 ETA 14.5 min
21:25:10|INFO   |[grid] edit lam=0.5 6009/8000 2473s (2.43/s) degen 0.005 ETA 13.7 min
21:25:54|INFO   |[grid] edit lam=0.5 6124/8000 2517s (2.43/s) degen 0.006 ETA 12.9 min
21:26:39|INFO   |[grid] edit lam=0.5 6237/8000 2562s (2.43/s) degen 0.006 ETA 12.1 min
21:27:24|INFO   |[grid] edit lam=0.5 6349/8000 2606s (2.44/s) degen 0.006 ETA 11.3 min
21:28:09|INFO   |[grid] edit lam=0.5 6459/8000 2651s (2.44/s) degen 0.006 ETA 10.5 min
21:28:54|INFO   |[grid] edit lam=0.5 6567/8000 2697s (2.44/s) degen 0.006 ETA 9.8 min
21:29:39|INFO   |[grid] edit lam=0.5 6673/8000 2742s (2.43/s) degen 0.006 ETA 9.1 min
21:30:25|INFO   |[grid] edit lam=0.5 6778/8000 2788s (2.43/s) degen 0.006 ETA 8.4 min
21:31:11|INFO   |[grid] edit lam=0.5 6879/8000 2834s (2.43/s) degen 0.006 ETA 7.7 min
21:31:58|INFO   |[grid] edit lam=0.5 6976/8000 2881s (2.42/s) degen 0.006 ETA 7.0 min
21:32:45|INFO   |[grid] edit lam=0.5 7067/8000 2928s (2.41/s) degen 0.006 ETA 6.4 min
21:33:33|INFO   |[grid] edit lam=0.5 7150/8000 2976s (2.40/s) degen 0.006 ETA 5.9 min
21:34:09|INFO   |[grid] edit lam=0.5 7200/8000 3012s (2.39/s) degen 0.006 ETA 5.6 min
21:34:52|INFO   |[grid] rand lam=0.625 7323/8000 3055s (2.40/s) degen 0.006 ETA 4.7 min
21:35:37|INFO   |[grid] rand lam=0.625 7437/8000 3100s (2.40/s) degen 0.006 ETA 3.9 min
21:36:23|INFO   |[grid] rand lam=0.625 7540/8000 3146s (2.40/s) degen 0.005 ETA 3.2 min
21:37:02|INFO   |[grid] rand lam=0.625 7600/8000 3185s (2.39/s) degen 0.005 ETA 2.8 min
21:37:45|INFO   |[grid] mtnoise lam=0 7722/8000 3228s (2.39/s) degen 0.005 ETA 1.9 min
21:38:26|INFO   |[grid] mtnoise lam=0 7800/8000 3269s (2.39/s) degen 0.005 ETA 1.4 min
21:39:10|INFO   |[grid] mtnoise lam=0.625 7922/8000 3312s (2.39/s) degen 0.005 ETA 0.5 min
21:39:52|INFO   |[grid] mtnoise lam=0.625 8000/8000 3354s (2.38/s) degen 0.005 ETA 0.0 min
21:39:52|INFO   |done
