Loading checkpoint shards:   0%|          | 0/5 [00:00<?, ?it/s]Loading checkpoint shards:  20%|██        | 1/5 [00:07<00:31,  7.85s/it]Loading checkpoint shards:  40%|████      | 2/5 [00:17<00:26,  8.84s/it]Loading checkpoint shards:  60%|██████    | 3/5 [00:26<00:18,  9.04s/it]Loading checkpoint shards:  80%|████████  | 4/5 [00:36<00:09,  9.31s/it]Loading checkpoint shards: 100%|██████████| 5/5 [00:45<00:00,  9.10s/it]Loading checkpoint shards: 100%|██████████| 5/5 [00:45<00:00,  9.02s/it]
19:17:26|INFO   |loaded gemma_it {'arch': 'Gemma3ForConditionalGeneration', 'load_s': 66.4, 'vram_gb': 8.41, 'native_triton': 'deregistered', 'torch': '2.14.0+cu130', 'repo': 'google/gemma-3-12b-it', 'revision': '96b6f1eccf38110c56df3a15bffe176da04bfd80', 'template_sha1': '3f7731dd04d6fb3e41478bea860489dac5c6115c', 'gemma_template_sha1': '3f7731dd04d6fb3e41478bea860489dac5c6115c', 'template_override_to_gemma': False}
19:17:27|INFO   |adapter attached {'adapter_dir': '/ai-inventor/aii_data/runs/run_FVi3e3O9CH5I/3_invention_loop/iter_3/gen_art/gen_art_experiment_9/selected/gemma_it/adapter', 'adapter_sha1': 'af6c448234c8d1666887d1b9f05287505ce230e9', 'adapter_sha256': '9714d8a4b8dc6d52e4f92f41dddceeeef5bc9c1c20145e02d955bbfbbcdec547', 'n_tensors': 192, 'n_lora_modules': 96, 'impl': 'forward hooks, bf16, scaling = lambda', 'which': 'real', 'peft_version_of_adapter': '0.21.0'}
19:17:27|INFO   |adapter attached {'adapter_dir': '/ai-inventor/aii_data/runs/run_FVi3e3O9CH5I/3_invention_loop/iter_3/gen_art/gen_art_experiment_9/adapters/gemma_it/rand_1', 'adapter_sha1': '12d5be9ba205f8f14a4ea2a385f631cf5bad0a0a', 'adapter_sha256': '096a361b0142a6ea31263bc9a3524bc60f28cbccc61e62807efb82f7d587434b', 'n_tensors': 192, 'n_lora_modules': 96, 'impl': 'forward hooks, bf16, scaling = lambda', 'which': 'rand', 'peft_version_of_adapter': '0.21.0'}
19:17:27|INFO   |[dev] gemma_it: 0 to generate (540 done)
/ai-inventor/aii_data/runs/run_FVi3e3O9CH5I/3_invention_loop/iter_4/gen_art/gen_art_experiment_14/.venv/lib/python3.12/site-packages/torch/jit/_script.py:1491: FutureWarning: `torch.jit.script` is deprecated. Please switch to `torch.compile` or `torch.export`.
  warnings.warn(
19:17:35|INFO   |amendment A1 committed: [master 7f919da] amendment A1: DEV dose scan for gemma_it: lambda_lo=0.5, lambda_hi=1.0 (fi
 2 files changed, 80 inserti 
19:17:56|INFO   |KL gemma_it: kl_real_en=0.5691, kl_rand_en=0.0058, kl_real_sl=0.3421, kl_rand_sl=0.0046
19:17:56|INFO   |[grid] gemma_it: 8900 to generate (0 done)
19:18:44|WARNING|OOM at bs=129 -> halving
19:19:09|INFO   |[grid] edit lam=0 64/8900 73s (0.88/s) degen 0.000 ETA 167.4 min
19:19:38|INFO   |[grid] edit lam=0 129/8900 102s (1.26/s) degen 0.000 ETA 115.9 min
19:20:21|INFO   |[grid] edit lam=0 255/8900 145s (1.76/s) degen 0.000 ETA 81.8 min
19:21:03|WARNING|OOM at bs=125 -> halving
19:21:28|INFO   |[grid] edit lam=0 317/8900 213s (1.49/s) degen 0.000 ETA 95.9 min
19:21:54|INFO   |[grid] edit lam=0 380/8900 238s (1.60/s) degen 0.000 ETA 89.0 min
19:22:37|INFO   |[grid] edit lam=0 503/8900 281s (1.79/s) degen 0.000 ETA 78.2 min
19:23:20|INFO   |[grid] edit lam=0 624/8900 324s (1.92/s) degen 0.000 ETA 71.7 min
19:24:04|INFO   |[grid] edit lam=0 743/8900 368s (2.02/s) degen 0.000 ETA 67.3 min
19:24:47|INFO   |[grid] edit lam=0 860/8900 411s (2.09/s) degen 0.000 ETA 64.1 min
19:25:31|INFO   |[grid] edit lam=0 976/8900 455s (2.15/s) degen 0.000 ETA 61.5 min
19:26:15|INFO   |[grid] edit lam=0 1091/8900 499s (2.19/s) degen 0.000 ETA 59.5 min
19:26:59|INFO   |[grid] edit lam=0 1205/8900 543s (2.22/s) degen 0.000 ETA 57.8 min
19:27:43|INFO   |[grid] edit lam=0 1317/8900 587s (2.24/s) degen 0.000 ETA 56.3 min
19:28:27|INFO   |[grid] edit lam=0 1428/8900 631s (2.26/s) degen 0.000 ETA 55.0 min
19:29:11|INFO   |[grid] edit lam=0 1538/8900 675s (2.28/s) degen 0.000 ETA 53.9 min
19:29:56|INFO   |[grid] edit lam=0 1647/8900 720s (2.29/s) degen 0.000 ETA 52.8 min
19:30:41|INFO   |[grid] edit lam=0 1755/8900 765s (2.29/s) degen 0.000 ETA 51.9 min
19:31:26|INFO   |[grid] edit lam=0 1861/8900 810s (2.30/s) degen 0.000 ETA 51.0 min
19:32:11|INFO   |[grid] edit lam=0 1966/8900 855s (2.30/s) degen 0.000 ETA 50.3 min
19:32:56|INFO   |[grid] edit lam=0 2070/8900 901s (2.30/s) degen 0.000 ETA 49.5 min
19:33:42|INFO   |[grid] edit lam=0 2172/8900 946s (2.29/s) degen 0.000 ETA 48.9 min
19:34:29|INFO   |[grid] edit lam=0 2272/8900 993s (2.29/s) degen 0.000 ETA 48.3 min
19:35:15|INFO   |[grid] edit lam=0 2369/8900 1040s (2.28/s) degen 0.000 ETA 47.8 min
19:36:06|INFO   |[grid] edit lam=0 2462/8900 1090s (2.26/s) degen 0.000 ETA 47.5 min
19:37:24|INFO   |[grid] edit lam=0 2550/8900 1168s (2.18/s) degen 0.000 ETA 48.5 min
19:38:50|INFO   |[grid] edit lam=0 2633/8900 1254s (2.10/s) degen 0.000 ETA 49.8 min
19:40:18|INFO   |[grid] edit lam=0 2700/8900 1343s (2.01/s) degen 0.000 ETA 51.4 min
19:41:50|INFO   |[grid] edit lam=1 2829/8900 1434s (1.97/s) degen 0.000 ETA 51.3 min
19:43:17|INFO   |[grid] edit lam=1 2955/8900 1521s (1.94/s) degen 0.000 ETA 51.0 min
19:44:45|INFO   |[grid] edit lam=1 3080/8900 1609s (1.91/s) degen 0.000 ETA 50.7 min
19:46:07|INFO   |[grid] edit lam=1 3203/8900 1691s (1.89/s) degen 0.000 ETA 50.1 min
19:46:52|INFO   |[grid] edit lam=1 3324/8900 1736s (1.92/s) degen 0.000 ETA 48.5 min
19:47:36|INFO   |[grid] edit lam=1 3443/8900 1781s (1.93/s) degen 0.001 ETA 47.0 min
19:48:21|INFO   |[grid] edit lam=1 3560/8900 1825s (1.95/s) degen 0.001 ETA 45.6 min
19:49:05|WARNING|OOM at bs=116 -> halving
19:49:32|INFO   |[grid] edit lam=1 3618/8900 1896s (1.91/s) degen 0.001 ETA 46.1 min
19:49:52|INFO   |[grid] edit lam=1 3676/8900 1916s (1.92/s) degen 0.001 ETA 45.4 min
19:50:36|INFO   |[grid] edit lam=1 3791/8900 1960s (1.93/s) degen 0.001 ETA 44.0 min
19:51:21|INFO   |[grid] edit lam=1 3905/8900 2005s (1.95/s) degen 0.001 ETA 42.7 min
19:52:05|INFO   |[grid] edit lam=1 4017/8900 2049s (1.96/s) degen 0.000 ETA 41.5 min
19:52:50|INFO   |[grid] edit lam=1 4128/8900 2094s (1.97/s) degen 0.000 ETA 40.3 min
19:53:35|INFO   |[grid] edit lam=1 4238/8900 2139s (1.98/s) degen 0.000 ETA 39.2 min
19:54:20|INFO   |[grid] edit lam=1 4347/8900 2184s (1.99/s) degen 0.000 ETA 38.1 min
19:55:06|INFO   |[grid] edit lam=1 4455/8900 2230s (2.00/s) degen 0.000 ETA 37.1 min
19:55:51|INFO   |[grid] edit lam=1 4561/8900 2275s (2.00/s) degen 0.000 ETA 36.1 min
19:56:37|INFO   |[grid] edit lam=1 4666/8900 2321s (2.01/s) degen 0.000 ETA 35.1 min
19:57:23|INFO   |[grid] edit lam=1 4770/8900 2367s (2.02/s) degen 0.000 ETA 34.2 min
19:58:09|INFO   |[grid] edit lam=1 4872/8900 2413s (2.02/s) degen 0.000 ETA 33.2 min
19:58:55|INFO   |[grid] edit lam=1 4972/8900 2459s (2.02/s) degen 0.000 ETA 32.4 min
19:59:42|INFO   |[grid] edit lam=1 5069/8900 2506s (2.02/s) degen 0.000 ETA 31.6 min
20:00:29|INFO   |[grid] edit lam=1 5162/8900 2553s (2.02/s) degen 0.000 ETA 30.8 min
20:01:16|INFO   |[grid] edit lam=1 5250/8900 2600s (2.02/s) degen 0.000 ETA 30.1 min
20:02:05|INFO   |[grid] edit lam=1 5333/8900 2649s (2.01/s) degen 0.000 ETA 29.5 min
20:02:52|INFO   |[grid] edit lam=1 5400/8900 2696s (2.00/s) degen 0.000 ETA 29.1 min
20:03:41|INFO   |[grid] edit lam=0.5 5529/8900 2745s (2.01/s) degen 0.000 ETA 27.9 min
20:04:23|INFO   |[grid] edit lam=0.5 5655/8900 2788s (2.03/s) degen 0.000 ETA 26.7 min
20:05:07|INFO   |[grid] edit lam=0.5 5780/8900 2831s (2.04/s) degen 0.000 ETA 25.5 min
20:05:50|INFO   |[grid] edit lam=0.5 5903/8900 2874s (2.05/s) degen 0.000 ETA 24.3 min
20:06:34|INFO   |[grid] edit lam=0.5 6024/8900 2918s (2.06/s) degen 0.000 ETA 23.2 min
20:07:17|INFO   |[grid] edit lam=0.5 6143/8900 2961s (2.07/s) degen 0.000 ETA 22.2 min
20:08:01|INFO   |[grid] edit lam=0.5 6260/8900 3005s (2.08/s) degen 0.000 ETA 21.1 min
20:08:45|INFO   |[grid] edit lam=0.5 6376/8900 3049s (2.09/s) degen 0.000 ETA 20.1 min
20:09:30|INFO   |[grid] edit lam=0.5 6491/8900 3094s (2.10/s) degen 0.000 ETA 19.1 min
20:10:14|INFO   |[grid] edit lam=0.5 6605/8900 3138s (2.10/s) degen 0.000 ETA 18.2 min
20:10:59|INFO   |[grid] edit lam=0.5 6717/8900 3183s (2.11/s) degen 0.000 ETA 17.2 min
20:11:44|INFO   |[grid] edit lam=0.5 6828/8900 3228s (2.12/s) degen 0.000 ETA 16.3 min
20:12:29|INFO   |[grid] edit lam=0.5 6938/8900 3273s (2.12/s) degen 0.000 ETA 15.4 min
20:13:14|INFO   |[grid] edit lam=0.5 7047/8900 3318s (2.12/s) degen 0.000 ETA 14.5 min
20:13:59|INFO   |[grid] edit lam=0.5 7155/8900 3363s (2.13/s) degen 0.000 ETA 13.7 min
20:14:44|INFO   |[grid] edit lam=0.5 7261/8900 3409s (2.13/s) degen 0.000 ETA 12.8 min
20:15:30|INFO   |[grid] edit lam=0.5 7366/8900 3454s (2.13/s) degen 0.000 ETA 12.0 min
20:16:16|INFO   |[grid] edit lam=0.5 7470/8900 3500s (2.13/s) degen 0.000 ETA 11.2 min
20:17:02|INFO   |[grid] edit lam=0.5 7572/8900 3547s (2.14/s) degen 0.000 ETA 10.4 min
20:17:49|INFO   |[grid] edit lam=0.5 7672/8900 3593s (2.14/s) degen 0.000 ETA 9.6 min
20:18:36|INFO   |[grid] edit lam=0.5 7769/8900 3640s (2.13/s) degen 0.000 ETA 8.8 min
20:19:23|INFO   |[grid] edit lam=0.5 7862/8900 3687s (2.13/s) degen 0.000 ETA 8.1 min
20:20:10|INFO   |[grid] edit lam=0.5 7950/8900 3734s (2.13/s) degen 0.000 ETA 7.4 min
20:20:58|INFO   |[grid] edit lam=0.5 8033/8900 3782s (2.12/s) degen 0.000 ETA 6.8 min
20:21:45|INFO   |[grid] edit lam=0.5 8100/8900 3829s (2.12/s) degen 0.000 ETA 6.3 min
20:22:28|INFO   |[grid] rand lam=1 8223/8900 3872s (2.12/s) degen 0.000 ETA 5.3 min
20:23:13|INFO   |[grid] rand lam=1 8337/8900 3917s (2.13/s) degen 0.000 ETA 4.4 min
20:23:59|INFO   |[grid] rand lam=1 8440/8900 3963s (2.13/s) degen 0.000 ETA 3.6 min
20:24:38|INFO   |[grid] rand lam=1 8500/8900 4002s (2.12/s) degen 0.000 ETA 3.1 min
20:25:21|INFO   |[grid] mtnoise lam=0 8622/8900 4045s (2.13/s) degen 0.000 ETA 2.2 min
20:26:03|INFO   |[grid] mtnoise lam=0 8700/8900 4087s (2.13/s) degen 0.000 ETA 1.6 min
20:26:46|INFO   |[grid] mtnoise lam=1 8822/8900 4130s (2.14/s) degen 0.000 ETA 0.6 min
20:27:28|INFO   |[grid] mtnoise lam=1 8900/8900 4172s (2.13/s) degen 0.000 ETA 0.0 min
20:27:28|INFO   |done
