Loading checkpoint shards:   0%|          | 0/5 [00:00<?, ?it/s]Loading checkpoint shards:  20%|██        | 1/5 [00:07<00:28,  7.09s/it]Loading checkpoint shards:  40%|████      | 2/5 [00:15<00:22,  7.65s/it]Loading checkpoint shards:  60%|██████    | 3/5 [00:23<00:15,  7.92s/it]Loading checkpoint shards:  80%|████████  | 4/5 [00:31<00:07,  7.98s/it]Loading checkpoint shards: 100%|██████████| 5/5 [00:38<00:00,  7.74s/it]Loading checkpoint shards: 100%|██████████| 5/5 [00:38<00:00,  7.75s/it]
18:52:38|INFO   |loaded gemma_it {'arch': 'Gemma3ForConditionalGeneration', 'load_s': 76.3, 'vram_gb': 8.41, 'native_triton': 'deregistered', 'torch': '2.14.0+cu130', 'repo': 'google/gemma-3-12b-it', 'revision': '96b6f1eccf38110c56df3a15bffe176da04bfd80', 'template_sha1': '3f7731dd04d6fb3e41478bea860489dac5c6115c', 'gemma_template_sha1': '3f7731dd04d6fb3e41478bea860489dac5c6115c', 'template_override_to_gemma': False}
18:52:38|INFO   |adapter attached {'adapter_dir': '/ai-inventor/aii_data/runs/run_FVi3e3O9CH5I/3_invention_loop/iter_3/gen_art/gen_art_experiment_9/selected/gemma_it/adapter', 'adapter_sha1': 'af6c448234c8d1666887d1b9f05287505ce230e9', 'adapter_sha256': '9714d8a4b8dc6d52e4f92f41dddceeeef5bc9c1c20145e02d955bbfbbcdec547', 'n_tensors': 192, 'n_lora_modules': 96, 'impl': 'forward hooks, bf16, scaling = lambda', 'which': 'real', 'peft_version_of_adapter': '0.21.0'}
18:52:38|INFO   |adapter attached {'adapter_dir': '/ai-inventor/aii_data/runs/run_FVi3e3O9CH5I/3_invention_loop/iter_3/gen_art/gen_art_experiment_9/adapters/gemma_it/rand_1', 'adapter_sha1': '12d5be9ba205f8f14a4ea2a385f631cf5bad0a0a', 'adapter_sha256': '096a361b0142a6ea31263bc9a3524bc60f28cbccc61e62807efb82f7d587434b', 'n_tensors': 192, 'n_lora_modules': 96, 'impl': 'forward hooks, bf16, scaling = lambda', 'which': 'rand', 'peft_version_of_adapter': '0.21.0'}
18:52:41|INFO   |adapter attached {'adapter_dir': '/ai-inventor/aii_data/runs/run_FVi3e3O9CH5I/3_invention_loop/iter_3/gen_art/gen_art_experiment_9/selected/gemma_it/adapter', 'adapter_sha1': 'af6c448234c8d1666887d1b9f05287505ce230e9', 'adapter_sha256': '9714d8a4b8dc6d52e4f92f41dddceeeef5bc9c1c20145e02d955bbfbbcdec547', 'n_tensors': 192, 'n_lora_modules': 96, 'impl': 'forward hooks, bf16, scaling = lambda', 'which': 'real', 'peft_version_of_adapter': '0.21.0'}
18:52:41|INFO   |adapter attached {'adapter_dir': '/ai-inventor/aii_data/runs/run_FVi3e3O9CH5I/3_invention_loop/iter_3/gen_art/gen_art_experiment_9/selected/gemma_it/adapter', 'adapter_sha1': 'af6c448234c8d1666887d1b9f05287505ce230e9', 'adapter_sha256': '9714d8a4b8dc6d52e4f92f41dddceeeef5bc9c1c20145e02d955bbfbbcdec547', 'n_tensors': 192, 'n_lora_modules': 96, 'impl': 'forward hooks, bf16, scaling = lambda', 'which': 'real', 'peft_version_of_adapter': '0.21.0'}
18:52:41|INFO   |adapter attached {'adapter_dir': '/ai-inventor/aii_data/runs/run_FVi3e3O9CH5I/3_invention_loop/iter_3/gen_art/gen_art_experiment_9/selected/gemma_it/adapter', 'adapter_sha1': 'af6c448234c8d1666887d1b9f05287505ce230e9', 'adapter_sha256': '9714d8a4b8dc6d52e4f92f41dddceeeef5bc9c1c20145e02d955bbfbbcdec547', 'n_tensors': 192, 'n_lora_modules': 96, 'impl': 'forward hooks, bf16, scaling = lambda', 'which': 'real', 'peft_version_of_adapter': '0.21.0'}
18:52:42|INFO   |adapter attached {'adapter_dir': '/ai-inventor/aii_data/runs/run_FVi3e3O9CH5I/3_invention_loop/iter_3/gen_art/gen_art_experiment_9/selected/gemma_it/adapter', 'adapter_sha1': 'af6c448234c8d1666887d1b9f05287505ce230e9', 'adapter_sha256': '9714d8a4b8dc6d52e4f92f41dddceeeef5bc9c1c20145e02d955bbfbbcdec547', 'n_tensors': 192, 'n_lora_modules': 96, 'impl': 'forward hooks, bf16, scaling = lambda', 'which': 'real', 'peft_version_of_adapter': '0.21.0'}
18:52:42|INFO   |adapter attached {'adapter_dir': '/ai-inventor/aii_data/runs/run_FVi3e3O9CH5I/3_invention_loop/iter_3/gen_art/gen_art_experiment_9/selected/gemma_it/adapter', 'adapter_sha1': 'af6c448234c8d1666887d1b9f05287505ce230e9', 'adapter_sha256': '9714d8a4b8dc6d52e4f92f41dddceeeef5bc9c1c20145e02d955bbfbbcdec547', 'n_tensors': 192, 'n_lora_modules': 96, 'impl': 'forward hooks, bf16, scaling = lambda', 'which': 'real', 'peft_version_of_adapter': '0.21.0'}
18:52:42|INFO   |adapter attached {'adapter_dir': '/ai-inventor/aii_data/runs/run_FVi3e3O9CH5I/3_invention_loop/iter_3/gen_art/gen_art_experiment_9/selected/gemma_it/adapter', 'adapter_sha1': 'af6c448234c8d1666887d1b9f05287505ce230e9', 'adapter_sha256': '9714d8a4b8dc6d52e4f92f41dddceeeef5bc9c1c20145e02d955bbfbbcdec547', 'n_tensors': 192, 'n_lora_modules': 96, 'impl': 'forward hooks, bf16, scaling = lambda', 'which': 'real', 'peft_version_of_adapter': '0.21.0'}
18:52:43|INFO   |adapter attached {'adapter_dir': '/ai-inventor/aii_data/runs/run_FVi3e3O9CH5I/3_invention_loop/iter_3/gen_art/gen_art_experiment_9/selected/gemma_it/adapter', 'adapter_sha1': 'af6c448234c8d1666887d1b9f05287505ce230e9', 'adapter_sha256': '9714d8a4b8dc6d52e4f92f41dddceeeef5bc9c1c20145e02d955bbfbbcdec547', 'n_tensors': 192, 'n_lora_modules': 96, 'impl': 'forward hooks, bf16, scaling = lambda', 'which': 'real', 'peft_version_of_adapter': '0.21.0'}
18:52:44|INFO   |adapter attached {'adapter_dir': '/ai-inventor/aii_data/runs/run_FVi3e3O9CH5I/3_invention_loop/iter_3/gen_art/gen_art_experiment_9/selected/gemma_it/adapter', 'adapter_sha1': 'af6c448234c8d1666887d1b9f05287505ce230e9', 'adapter_sha256': '9714d8a4b8dc6d52e4f92f41dddceeeef5bc9c1c20145e02d955bbfbbcdec547', 'n_tensors': 192, 'n_lora_modules': 96, 'impl': 'forward hooks, bf16, scaling = lambda', 'which': 'real', 'peft_version_of_adapter': '0.21.0'}
18:52:44|INFO   |hook check {'lam0_vs_nohook_maxabs': 0.0, 'lam1_vs_nohook_maxabs_mean': 24.4434814453125, 'n': 8}
18:52:44|INFO   |[mini] gemma_it: 144 to generate (0 done)
18:53:31|INFO   |[mini] edit lam=0 72/144 48s (1.51/s) degen 0.000 ETA 0.8 min
18:54:19|INFO   |[mini] edit lam=1 144/144 96s (1.50/s) degen 0.000 ETA 0.0 min
18:54:47|INFO   |ladder bs=48: {'s': 27.5, 'rate': 1.74, 'peak_gb': 12.4}
18:55:34|INFO   |ladder bs=96: {'s': 47.2, 'rate': 2.03, 'peak_gb': 16.6}
18:55:46|INFO   |adapter attached {'adapter_dir': '/ai-inventor/aii_data/runs/run_FVi3e3O9CH5I/3_invention_loop/iter_3/gen_art/gen_art_experiment_9/adapters/gemma_it/rand_1', 'adapter_sha1': '12d5be9ba205f8f14a4ea2a385f631cf5bad0a0a', 'adapter_sha256': '096a361b0142a6ea31263bc9a3524bc60f28cbccc61e62807efb82f7d587434b', 'n_tensors': 192, 'n_lora_modules': 96, 'impl': 'forward hooks, bf16, scaling = lambda', 'which': 'rand', 'peft_version_of_adapter': '0.21.0'}
18:55:46|INFO   |[dev] gemma_it: 540 to generate (0 done)
18:56:29|INFO   |[dev] dev lam=0 60/540 43s (1.40/s) degen 0.000 ETA 5.7 min
18:57:13|INFO   |[dev] dev lam=0.5 120/540 86s (1.39/s) degen 0.000 ETA 5.0 min
18:57:56|INFO   |[dev] dev lam=0.75 180/540 129s (1.39/s) degen 0.000 ETA 4.3 min
18:58:39|INFO   |[dev] dev lam=1 240/540 173s (1.39/s) degen 0.000 ETA 3.6 min
18:59:22|INFO   |[dev] dev lam=1.25 300/540 216s (1.39/s) degen 0.000 ETA 2.9 min
19:00:06|INFO   |[dev] dev lam=1.5 360/540 259s (1.39/s) degen 0.000 ETA 2.2 min
19:00:49|INFO   |[dev] dev lam=1.75 420/540 303s (1.39/s) degen 0.000 ETA 1.4 min
19:01:33|INFO   |[dev] dev lam=2 480/540 346s (1.39/s) degen 0.000 ETA 0.7 min
19:02:16|INFO   |[dev] dev lam=2.5 540/540 389s (1.39/s) degen 0.000 ETA 0.0 min
19:05:55|INFO   |[judge dev-gemma_it] 200/540 cumulative $0.1243
19:09:18|INFO   |[judge dev-gemma_it] 400/540 cumulative $0.1243
